Archive member included to satisfy reference by file (symbol)

c:/st/stm32cubeide_1.5.1/stm32cubeide/plugins/com.st.stm32cube.ide.mcu.externaltools.gnu-tools-for-stm32.7-2018-q2-update.win32_1.5.0.202011040924/tools/bin/../lib/gcc/arm-none-eabi/7.3.1/../../../../arm-none-eabi/lib/thumb/v7-m\libc_nano.a(lib_a-errno.o)
                              Core/Src/syscalls.o (__errno)
c:/st/stm32cubeide_1.5.1/stm32cubeide/plugins/com.st.stm32cube.ide.mcu.externaltools.gnu-tools-for-stm32.7-2018-q2-update.win32_1.5.0.202011040924/tools/bin/../lib/gcc/arm-none-eabi/7.3.1/../../../../arm-none-eabi/lib/thumb/v7-m\libc_nano.a(lib_a-exit.o)
                              c:/st/stm32cubeide_1.5.1/stm32cubeide/plugins/com.st.stm32cube.ide.mcu.externaltools.gnu-tools-for-stm32.7-2018-q2-update.win32_1.5.0.202011040924/tools/bin/../lib/gcc/arm-none-eabi/7.3.1/../../../../arm-none-eabi/lib/thumb/v7-m/crt0.o (exit)
c:/st/stm32cubeide_1.5.1/stm32cubeide/plugins/com.st.stm32cube.ide.mcu.externaltools.gnu-tools-for-stm32.7-2018-q2-update.win32_1.5.0.202011040924/tools/bin/../lib/gcc/arm-none-eabi/7.3.1/../../../../arm-none-eabi/lib/thumb/v7-m\libc_nano.a(lib_a-impure.o)
                              c:/st/stm32cubeide_1.5.1/stm32cubeide/plugins/com.st.stm32cube.ide.mcu.externaltools.gnu-tools-for-stm32.7-2018-q2-update.win32_1.5.0.202011040924/tools/bin/../lib/gcc/arm-none-eabi/7.3.1/../../../../arm-none-eabi/lib/thumb/v7-m\libc_nano.a(lib_a-exit.o) (_global_impure_ptr)
c:/st/stm32cubeide_1.5.1/stm32cubeide/plugins/com.st.stm32cube.ide.mcu.externaltools.gnu-tools-for-stm32.7-2018-q2-update.win32_1.5.0.202011040924/tools/bin/../lib/gcc/arm-none-eabi/7.3.1/../../../../arm-none-eabi/lib/thumb/v7-m\libc_nano.a(lib_a-init.o)
                              c:/st/stm32cubeide_1.5.1/stm32cubeide/plugins/com.st.stm32cube.ide.mcu.externaltools.gnu-tools-for-stm32.7-2018-q2-update.win32_1.5.0.202011040924/tools/bin/../lib/gcc/arm-none-eabi/7.3.1/../../../../arm-none-eabi/lib/thumb/v7-m/crt0.o (__libc_init_array)
c:/st/stm32cubeide_1.5.1/stm32cubeide/plugins/com.st.stm32cube.ide.mcu.externaltools.gnu-tools-for-stm32.7-2018-q2-update.win32_1.5.0.202011040924/tools/bin/../lib/gcc/arm-none-eabi/7.3.1/../../../../arm-none-eabi/lib/thumb/v7-m\libc_nano.a(lib_a-malloc.o)
                              Core/Src/ST7735/st7735.o (malloc)
c:/st/stm32cubeide_1.5.1/stm32cubeide/plugins/com.st.stm32cube.ide.mcu.externaltools.gnu-tools-for-stm32.7-2018-q2-update.win32_1.5.0.202011040924/tools/bin/../lib/gcc/arm-none-eabi/7.3.1/../../../../arm-none-eabi/lib/thumb/v7-m\libc_nano.a(lib_a-memset.o)
                              c:/st/stm32cubeide_1.5.1/stm32cubeide/plugins/com.st.stm32cube.ide.mcu.externaltools.gnu-tools-for-stm32.7-2018-q2-update.win32_1.5.0.202011040924/tools/bin/../lib/gcc/arm-none-eabi/7.3.1/../../../../arm-none-eabi/lib/thumb/v7-m/crt0.o (memset)
c:/st/stm32cubeide_1.5.1/stm32cubeide/plugins/com.st.stm32cube.ide.mcu.externaltools.gnu-tools-for-stm32.7-2018-q2-update.win32_1.5.0.202011040924/tools/bin/../lib/gcc/arm-none-eabi/7.3.1/../../../../arm-none-eabi/lib/thumb/v7-m\libc_nano.a(lib_a-nano-freer.o)
                              c:/st/stm32cubeide_1.5.1/stm32cubeide/plugins/com.st.stm32cube.ide.mcu.externaltools.gnu-tools-for-stm32.7-2018-q2-update.win32_1.5.0.202011040924/tools/bin/../lib/gcc/arm-none-eabi/7.3.1/../../../../arm-none-eabi/lib/thumb/v7-m\libc_nano.a(lib_a-malloc.o) (_free_r)
c:/st/stm32cubeide_1.5.1/stm32cubeide/plugins/com.st.stm32cube.ide.mcu.externaltools.gnu-tools-for-stm32.7-2018-q2-update.win32_1.5.0.202011040924/tools/bin/../lib/gcc/arm-none-eabi/7.3.1/../../../../arm-none-eabi/lib/thumb/v7-m\libc_nano.a(lib_a-nano-mallocr.o)
                              c:/st/stm32cubeide_1.5.1/stm32cubeide/plugins/com.st.stm32cube.ide.mcu.externaltools.gnu-tools-for-stm32.7-2018-q2-update.win32_1.5.0.202011040924/tools/bin/../lib/gcc/arm-none-eabi/7.3.1/../../../../arm-none-eabi/lib/thumb/v7-m\libc_nano.a(lib_a-malloc.o) (_malloc_r)
c:/st/stm32cubeide_1.5.1/stm32cubeide/plugins/com.st.stm32cube.ide.mcu.externaltools.gnu-tools-for-stm32.7-2018-q2-update.win32_1.5.0.202011040924/tools/bin/../lib/gcc/arm-none-eabi/7.3.1/../../../../arm-none-eabi/lib/thumb/v7-m\libc_nano.a(lib_a-sbrkr.o)
                              c:/st/stm32cubeide_1.5.1/stm32cubeide/plugins/com.st.stm32cube.ide.mcu.externaltools.gnu-tools-for-stm32.7-2018-q2-update.win32_1.5.0.202011040924/tools/bin/../lib/gcc/arm-none-eabi/7.3.1/../../../../arm-none-eabi/lib/thumb/v7-m\libc_nano.a(lib_a-nano-mallocr.o) (_sbrk_r)
c:/st/stm32cubeide_1.5.1/stm32cubeide/plugins/com.st.stm32cube.ide.mcu.externaltools.gnu-tools-for-stm32.7-2018-q2-update.win32_1.5.0.202011040924/tools/bin/../lib/gcc/arm-none-eabi/7.3.1/../../../../arm-none-eabi/lib/thumb/v7-m\libc_nano.a(lib_a-strcmp.o)
                              Core/Src/main.o (strcmp)
[...]
Memory Configuration

Name             Origin             Length             Attributes
RAM              0x0000000020000000 0x0000000000005000 xrw
FLASH            0x0000000008000000 0x0000000000010000 xr
*default*        0x0000000000000000 0xffffffffffffffff

Linker script and memory map

LOAD c:/st/stm32cubeide_1.5.1/stm32cubeide/plugins/com.st.stm32cube.ide.mcu.externaltools.gnu-tools-for-stm32.7-2018-q2-update.win32_1.5.0.202011040924/tools/bin/../lib/gcc/arm-none-eabi/7.3.1/thumb/v7-m/crti.o
LOAD c:/st/stm32cubeide_1.5.1/stm32cubeide/plugins/com.st.stm32cube.ide.mcu.externaltools.gnu-tools-for-stm32.7-2018-q2-update.win32_1.5.0.202011040924/tools/bin/../lib/gcc/arm-none-eabi/7.3.1/thumb/v7-m/crtbegin.o
LOAD c:/st/stm32cubeide_1.5.1/stm32cubeide/plugins/com.st.stm32cube.ide.mcu.externaltools.gnu-tools-for-stm32.7-2018-q2-update.win32_1.5.0.202011040924/tools/bin/../lib/gcc/arm-none-eabi/7.3.1/../../../../arm-none-eabi/lib/thumb/v7-m/crt0.o
LOAD Core/Src/ST7735/fonts.o
LOAD Core/Src/ST7735/st7735.o
LOAD Core/Src/main.o
LOAD Core/Src/stm32f1xx_hal_msp.o
LOAD Core/Src/stm32f1xx_it.o
LOAD Core/Src/syscalls.o
LOAD Core/Src/sysmem.o
LOAD Core/Src/system_stm32f1xx.o
LOAD Core/Startup/startup_stm32f103c8tx.o
LOAD Drivers/STM32F1xx_HAL_Driver/Src/stm32f1xx_hal.o
LOAD Drivers/STM32F1xx_HAL_Driver/Src/stm32f1xx_hal_cortex.o
LOAD Drivers/STM32F1xx_HAL_Driver/Src/stm32f1xx_hal_dma.o
LOAD Drivers/STM32F1xx_HAL_Driver/Src/stm32f1xx_hal_exti.o
LOAD Drivers/STM32F1xx_HAL_Driver/Src/stm32f1xx_hal_flash.o
LOAD Drivers/STM32F1xx_HAL_Driver/Src/stm32f1xx_hal_flash_ex.o
LOAD Drivers/STM32F1xx_HAL_Driver/Src/stm32f1xx_hal_gpio.o
LOAD Drivers/STM32F1xx_HAL_Driver/Src/stm32f1xx_hal_gpio_ex.o
LOAD Drivers/STM32F1xx_HAL_Driver/Src/stm32f1xx_hal_pcd.o
LOAD Drivers/STM32F1xx_HAL_Driver/Src/stm32f1xx_hal_pcd_ex.o
LOAD Drivers/STM32F1xx_HAL_Driver/Src/stm32f1xx_hal_pwr.o
LOAD Drivers/STM32F1xx_HAL_Driver/Src/stm32f1xx_hal_rcc.o
LOAD Drivers/STM32F1xx_HAL_Driver/Src/stm32f1xx_hal_rcc_ex.o
LOAD Drivers/STM32F1xx_HAL_Driver/Src/stm32f1xx_hal_spi.o
LOAD Drivers/STM32F1xx_HAL_Driver/Src/stm32f1xx_hal_tim.o
LOAD Drivers/STM32F1xx_HAL_Driver/Src/stm32f1xx_hal_tim_ex.o
LOAD Drivers/STM32F1xx_HAL_Driver/Src/stm32f1xx_ll_usb.o
LOAD Middlewares/ST/STM32_USB_Device_Library/Class/CDC/Src/usbd_cdc.o
LOAD Middlewares/ST/STM32_USB_Device_Library/Core/Src/usbd_core.o
LOAD Middlewares/ST/STM32_USB_Device_Library/Core/Src/usbd_ctlreq.o
LOAD Middlewares/ST/STM32_USB_Device_Library/Core/Src/usbd_ioreq.o
LOAD USB_DEVICE/App/usb_device.o
LOAD USB_DEVICE/App/usbd_cdc_if.o
LOAD USB_DEVICE/App/usbd_desc.o
LOAD USB_DEVICE/Target/usbd_conf.o
START GROUP
LOAD c:/st/stm32cubeide_1.5.1/stm32cubeide/plugins/com.st.stm32cube.ide.mcu.externaltools.gnu-tools-for-stm32.7-2018-q2-update.win32_1.5.0.202011040924/tools/bin/../lib/gcc/arm-none-eabi/7.3.1/../../../../arm-none-eabi/lib/thumb/v7-m\libc_nano.a
LOAD c:/st/stm32cubeide_1.5.1/stm32cubeide/plugins/com.st.stm32cube.ide.mcu.externaltools.gnu-tools-for-stm32.7-2018-q2-update.win32_1.5.0.202011040924/tools/bin/../lib/gcc/arm-none-eabi/7.3.1/../../../../arm-none-eabi/lib/thumb/v7-m\libm.a
END GROUP
START GROUP
LOAD c:/st/stm32cubeide_1.5.1/stm32cubeide/plugins/com.st.stm32cube.ide.mcu.externaltools.gnu-tools-for-stm32.7-2018-q2-update.win32_1.5.0.202011040924/tools/bin/../lib/gcc/arm-none-eabi/7.3.1/thumb/v7-m\libgcc.a
LOAD c:/st/stm32cubeide_1.5.1/stm32cubeide/plugins/com.st.stm32cube.ide.mcu.externaltools.gnu-tools-for-stm32.7-2018-q2-update.win32_1.5.0.202011040924/tools/bin/../lib/gcc/arm-none-eabi/7.3.1/../../../../arm-none-eabi/lib/thumb/v7-m\libc_nano.a
END GROUP
START GROUP
LOAD c:/st/stm32cubeide_1.5.1/stm32cubeide/plugins/com.st.stm32cube.ide.mcu.externaltools.gnu-tools-for-stm32.7-2018-q2-update.win32_1.5.0.202011040924/tools/bin/../lib/gcc/arm-none-eabi/7.3.1/thumb/v7-m\libgcc.a
LOAD c:/st/stm32cubeide_1.5.1/stm32cubeide/plugins/com.st.stm32cube.ide.mcu.externaltools.gnu-tools-for-stm32.7-2018-q2-update.win32_1.5.0.202011040924/tools/bin/../lib/gcc/arm-none-eabi/7.3.1/../../../../arm-none-eabi/lib/thumb/v7-m\libc_nano.a
LOAD c:/st/stm32cubeide_1.5.1/stm32cubeide/plugins/com.st.stm32cube.ide.mcu.externaltools.gnu-tools-for-stm32.7-2018-q2-update.win32_1.5.0.202011040924/tools/bin/../lib/gcc/arm-none-eabi/7.3.1/../../../../arm-none-eabi/lib/thumb/v7-m\libnosys.a
END GROUP
START GROUP
LOAD c:/st/stm32cubeide_1.5.1/stm32cubeide/plugins/com.st.stm32cube.ide.mcu.externaltools.gnu-tools-for-stm32.7-2018-q2-update.win32_1.5.0.202011040924/tools/bin/../lib/gcc/arm-none-eabi/7.3.1/thumb/v7-m\libgcc.a
LOAD c:/st/stm32cubeide_1.5.1/stm32cubeide/plugins/com.st.stm32cube.ide.mcu.externaltools.gnu-tools-for-stm32.7-2018-q2-update.win32_1.5.0.202011040924/tools/bin/../lib/gcc/arm-none-eabi/7.3.1/../../../../arm-none-eabi/lib/thumb/v7-m\libc_nano.a
LOAD c:/st/stm32cubeide_1.5.1/stm32cubeide/plugins/com.st.stm32cube.ide.mcu.externaltools.gnu-tools-for-stm32.7-2018-q2-update.win32_1.5.0.202011040924/tools/bin/../lib/gcc/arm-none-eabi/7.3.1/../../../../arm-none-eabi/lib/thumb/v7-m\libnosys.a
END GROUP
LOAD c:/st/stm32cubeide_1.5.1/stm32cubeide/plugins/com.st.stm32cube.ide.mcu.externaltools.gnu-tools-for-stm32.7-2018-q2-update.win32_1.5.0.202011040924/tools/bin/../lib/gcc/arm-none-eabi/7.3.1/thumb/v7-m/crtend.o
LOAD c:/st/stm32cubeide_1.5.1/stm32cubeide/plugins/com.st.stm32cube.ide.mcu.externaltools.gnu-tools-for-stm32.7-2018-q2-update.win32_1.5.0.202011040924/tools/bin/../lib/gcc/arm-none-eabi/7.3.1/thumb/v7-m/crtn.o
                0x0000000020005000                _estack = (ORIGIN (RAM) + LENGTH (RAM))
                0x0000000000000200                _Min_Heap_Size = 0x200
                0x0000000000000400                _Min_Stack_Size = 0x400

.isr_vector     0x0000000008000000      0x10c
                0x0000000008000000                . = ALIGN (0x4)
 *(.isr_vector)
 .isr_vector    0x0000000008000000      0x10c Core/Startup/startup_stm32f103c8tx.o
                0x0000000008000000                g_pfnVectors
                0x000000000800010c                . = ALIGN (0x4)

.text           0x000000000800010c     0x7ea0
                0x000000000800010c                . = ALIGN (0x4)
 *(.text)
 .text          0x000000000800010c       0x40 c:/st/stm32cubeide_1.5.1/stm32cubeide/plugins/com.st.stm32cube.ide.mcu.externaltools.gnu-tools-for-stm32.7-2018-q2-update.win32_1.5.0.202011040924/tools/bin/../lib/gcc/arm-none-eabi/7.3.1/thumb/v7-m/crtbegin.o
 .text          0x000000000800014c       0x14 c:/st/stm32cubeide_1.5.1/stm32cubeide/plugins/com.st.stm32cube.ide.mcu.externaltools.gnu-tools-for-stm32.7-2018-q2-update.win32_1.5.0.202011040924/tools/bin/../lib/gcc/arm-none-eabi/7.3.1/../../../../arm-none-eabi/lib/thumb/v7-m\libc_nano.a(lib_a-strcmp.o)
                0x000000000800014c                strcmp
 *(.text*)
 .text.ST7735_Select
                0x0000000008000160       0x18 Core/Src/ST7735/st7735.o
 .text.ST7735_Unselect
                0x0000000008000178       0x18 Core/Src/ST7735/st7735.o
                0x0000000008000178                ST7735_Unselect
 .text.ST7735_Reset
                0x0000000008000190       0x28 Core/Src/ST7735/st7735.o
 .text.ST7735_WriteCommand
                0x00000000080001b8       0x34 Core/Src/ST7735/st7735.o
 .text.ST7735_WriteData
                0x00000000080001ec       0x34 Core/Src/ST7735/st7735.o
 .text.ST7735_ExecuteCommandList
                0x0000000008000220       0x90 Core/Src/ST7735/st7735.o
 .text.ST7735_SetAddressWindow
                0x00000000080002b0       0x78 Core/Src/ST7735/st7735.o
 .text.ST7735_Init
                0x0000000008000328       0x34 Core/Src/ST7735/st7735.o
                0x0000000008000328                ST7735_Init
 .text.ST7735_WriteChar
                0x000000000800035c       0xec Core/Src/ST7735/st7735.o
 .text.ST7735_WriteString
                0x0000000008000448       0x94 Core/Src/ST7735/st7735.o
                0x0000000008000448                ST7735_WriteString
 .text.ST7735_FillRectangle
                0x00000000080004dc       0xe8 Core/Src/ST7735/st7735.o
                0x00000000080004dc                ST7735_FillRectangle
 .text.ST7735_FillScreen
                0x00000000080005c4       0x22 Core/Src/ST7735/st7735.o
                0x00000000080005c4                ST7735_FillScreen
 *fill*         0x00000000080005e6        0x2 
 .text.main     0x00000000080005e8      0x2b0 Core/Src/main.o
                0x00000000080005e8                main
 .text.SystemClock_Config
                0x0000000008000898       0xae Core/Src/main.o
                0x0000000008000898                SystemClock_Config
 *fill*         0x0000000008000946        0x2 
 .text.MX_SPI1_Init
                0x0000000008000948       0x70 Core/Src/main.o
 .text.MX_GPIO_Init
                0x00000000080009b8       0xc0 Core/Src/main.o
 .text.DrawFlag
                0x0000000008000a78       0xae Core/Src/main.o
                0x0000000008000a78                DrawFlag
 .text.Error_Handler
                0x0000000008000b26        0x8 Core/Src/main.o
                0x0000000008000b26                Error_Handler
 *fill*         0x0000000008000b2e        0x2 
 .text.HAL_MspInit
                0x0000000008000b30       0x64 Core/Src/stm32f1xx_hal_msp.o
                0x0000000008000b30                HAL_MspInit
 .text.HAL_SPI_MspInit
                0x0000000008000b94       0x7c Core/Src/stm32f1xx_hal_msp.o
                0x0000000008000b94                HAL_SPI_MspInit
 .text.NMI_Handler
                0x0000000008000c10        0x6 Core/Src/stm32f1xx_it.o
                0x0000000008000c10                NMI_Handler
 .text.HardFault_Handler
                0x0000000008000c16        0x6 Core/Src/stm32f1xx_it.o
                0x0000000008000c16                HardFault_Handler
 .text.MemManage_Handler
                0x0000000008000c1c        0x6 Core/Src/stm32f1xx_it.o
                0x0000000008000c1c                MemManage_Handler
 .text.BusFault_Handler
                0x0000000008000c22        0x6 Core/Src/stm32f1xx_it.o
                0x0000000008000c22                BusFault_Handler
 .text.UsageFault_Handler
                0x0000000008000c28        0x6 Core/Src/stm32f1xx_it.o
                0x0000000008000c28                UsageFault_Handler
 .text.SVC_Handler
                0x0000000008000c2e        0xc Core/Src/stm32f1xx_it.o
                0x0000000008000c2e                SVC_Handler
 .text.DebugMon_Handler
                0x0000000008000c3a        0xc Core/Src/stm32f1xx_it.o
                0x0000000008000c3a                DebugMon_Handler
 .text.PendSV_Handler
                0x0000000008000c46        0xc Core/Src/stm32f1xx_it.o
                0x0000000008000c46                PendSV_Handler
 .text.SysTick_Handler
                0x0000000008000c52        0xc Core/Src/stm32f1xx_it.o
                0x0000000008000c52                SysTick_Handler
 *fill*         0x0000000008000c5e        0x2 
 .text.USB_LP_CAN1_RX0_IRQHandler
                0x0000000008000c60       0x14 Core/Src/stm32f1xx_it.o
                0x0000000008000c60                USB_LP_CAN1_RX0_IRQHandler
 .text.SystemInit
                0x0000000008000c74        0xc Core/Src/system_stm32f1xx.o
                0x0000000008000c74                SystemInit
 .text.Reset_Handler
                0x0000000008000c80       0x48 Core/Startup/startup_stm32f103c8tx.o
                0x0000000008000c80                Reset_Handler
 .text.Default_Handler
                0x0000000008000cc8        0x2 Core/Startup/startup_stm32f103c8tx.o
                0x0000000008000cc8                RTC_Alarm_IRQHandler
                0x0000000008000cc8                EXTI2_IRQHandler
                0x0000000008000cc8                TIM1_CC_IRQHandler
                0x0000000008000cc8                PVD_IRQHandler
                0x0000000008000cc8                EXTI3_IRQHandler
                0x0000000008000cc8                EXTI0_IRQHandler
                0x0000000008000cc8                I2C2_EV_IRQHandler
                0x0000000008000cc8                ADC1_2_IRQHandler
                0x0000000008000cc8                SPI1_IRQHandler
                0x0000000008000cc8                TAMPER_IRQHandler
                0x0000000008000cc8                DMA1_Channel4_IRQHandler
                0x0000000008000cc8                USART3_IRQHandler
                0x0000000008000cc8                RTC_IRQHandler
                0x0000000008000cc8                DMA1_Channel7_IRQHandler
                0x0000000008000cc8                CAN1_RX1_IRQHandler
                0x0000000008000cc8                TIM4_IRQHandler
                0x0000000008000cc8                I2C1_EV_IRQHandler
                0x0000000008000cc8                DMA1_Channel6_IRQHandler
                0x0000000008000cc8                TIM3_IRQHandler
                0x0000000008000cc8                RCC_IRQHandler
                0x0000000008000cc8                TIM1_TRG_COM_IRQHandler
                0x0000000008000cc8                DMA1_Channel1_IRQHandler
                0x0000000008000cc8                Default_Handler
                0x0000000008000cc8                EXTI15_10_IRQHandler
                0x0000000008000cc8                EXTI9_5_IRQHandler
                0x0000000008000cc8                SPI2_IRQHandler
                0x0000000008000cc8                DMA1_Channel5_IRQHandler
                0x0000000008000cc8                EXTI4_IRQHandler
                0x0000000008000cc8                USB_HP_CAN1_TX_IRQHandler
                0x0000000008000cc8                DMA1_Channel3_IRQHandler
                0x0000000008000cc8                TIM1_UP_IRQHandler
                0x0000000008000cc8                WWDG_IRQHandler
                0x0000000008000cc8                TIM2_IRQHandler
                0x0000000008000cc8                TIM1_BRK_IRQHandler
                0x0000000008000cc8                EXTI1_IRQHandler
                0x0000000008000cc8                USART2_IRQHandler
                0x0000000008000cc8                I2C2_ER_IRQHandler
                0x0000000008000cc8                DMA1_Channel2_IRQHandler
                0x0000000008000cc8                CAN1_SCE_IRQHandler
                0x0000000008000cc8                FLASH_IRQHandler
                0x0000000008000cc8                USART1_IRQHandler
                0x0000000008000cc8                I2C1_ER_IRQHandler
                0x0000000008000cc8                USBWakeUp_IRQHandler
 *fill*         0x0000000008000cca        0x2 
 .text.HAL_Init
                0x0000000008000ccc       0x2c Drivers/STM32F1xx_HAL_Driver/Src/stm32f1xx_hal.o
                0x0000000008000ccc                HAL_Init
 .text.HAL_InitTick
                0x0000000008000cf8       0x60 Drivers/STM32F1xx_HAL_Driver/Src/stm32f1xx_hal.o
                0x0000000008000cf8                HAL_InitTick
 .text.HAL_IncTick
                0x0000000008000d58       0x24 Drivers/STM32F1xx_HAL_Driver/Src/stm32f1xx_hal.o
                0x0000000008000d58                HAL_IncTick
 .text.HAL_GetTick
                0x0000000008000d7c       0x14 Drivers/STM32F1xx_HAL_Driver/Src/stm32f1xx_hal.o
                0x0000000008000d7c                HAL_GetTick
 .text.HAL_Delay
                0x0000000008000d90       0x44 Drivers/STM32F1xx_HAL_Driver/Src/stm32f1xx_hal.o
                0x0000000008000d90                HAL_Delay
 .text.__NVIC_SetPriorityGrouping
                0x0000000008000dd4       0x48 Drivers/STM32F1xx_HAL_Driver/Src/stm32f1xx_hal_cortex.o
 .text.__NVIC_GetPriorityGrouping
                0x0000000008000e1c       0x1c Drivers/STM32F1xx_HAL_Driver/Src/stm32f1xx_hal_cortex.o
 .text.__NVIC_EnableIRQ
                0x0000000008000e38       0x38 Drivers/STM32F1xx_HAL_Driver/Src/stm32f1xx_hal_cortex.o
 .text.__NVIC_SetPriority
                0x0000000008000e70       0x54 Drivers/STM32F1xx_HAL_Driver/Src/stm32f1xx_hal_cortex.o
 .text.NVIC_EncodePriority
                0x0000000008000ec4       0x64 Drivers/STM32F1xx_HAL_Driver/Src/stm32f1xx_hal_cortex.o
 .text.SysTick_Config
                0x0000000008000f28       0x44 Drivers/STM32F1xx_HAL_Driver/Src/stm32f1xx_hal_cortex.o
 .text.HAL_NVIC_SetPriorityGrouping
                0x0000000008000f6c       0x16 Drivers/STM32F1xx_HAL_Driver/Src/stm32f1xx_hal_cortex.o
                0x0000000008000f6c                HAL_NVIC_SetPriorityGrouping
 .text.HAL_NVIC_SetPriority
                0x0000000008000f82       0x38 Drivers/STM32F1xx_HAL_Driver/Src/stm32f1xx_hal_cortex.o
                0x0000000008000f82                HAL_NVIC_SetPriority
 .text.HAL_NVIC_EnableIRQ
                0x0000000008000fba       0x1c Drivers/STM32F1xx_HAL_Driver/Src/stm32f1xx_hal_cortex.o
                0x0000000008000fba                HAL_NVIC_EnableIRQ
 .text.HAL_SYSTICK_Config
                0x0000000008000fd6       0x18 Drivers/STM32F1xx_HAL_Driver/Src/stm32f1xx_hal_cortex.o
                0x0000000008000fd6                HAL_SYSTICK_Config
 *fill*         0x0000000008000fee        0x2 
 .text.HAL_GPIO_Init
                0x0000000008000ff0      0x2b4 Drivers/STM32F1xx_HAL_Driver/Src/stm32f1xx_hal_gpio.o
                0x0000000008000ff0                HAL_GPIO_Init
 .text.HAL_GPIO_WritePin
                0x00000000080012a4       0x30 Drivers/STM32F1xx_HAL_Driver/Src/stm32f1xx_hal_gpio.o
                0x00000000080012a4                HAL_GPIO_WritePin
 .text.HAL_PCD_Init
                0x00000000080012d4      0x216 Drivers/STM32F1xx_HAL_Driver/Src/stm32f1xx_hal_pcd.o
                0x00000000080012d4                HAL_PCD_Init
 .text.HAL_PCD_Start
                0x00000000080014ea       0x4c Drivers/STM32F1xx_HAL_Driver/Src/stm32f1xx_hal_pcd.o
                0x00000000080014ea                HAL_PCD_Start
 .text.HAL_PCD_IRQHandler
                0x0000000008001536      0x2aa Drivers/STM32F1xx_HAL_Driver/Src/stm32f1xx_hal_pcd.o
                0x0000000008001536                HAL_PCD_IRQHandler
 .text.HAL_PCD_SetAddress
                0x00000000080017e0       0x4a Drivers/STM32F1xx_HAL_Driver/Src/stm32f1xx_hal_pcd.o
                0x00000000080017e0                HAL_PCD_SetAddress
 .text.HAL_PCD_EP_Open
                0x000000000800182a       0xcc Drivers/STM32F1xx_HAL_Driver/Src/stm32f1xx_hal_pcd.o
                0x000000000800182a                HAL_PCD_EP_Open
 .text.HAL_PCD_EP_Close
                0x00000000080018f6       0x90 Drivers/STM32F1xx_HAL_Driver/Src/stm32f1xx_hal_pcd.o
                0x00000000080018f6                HAL_PCD_EP_Close
 .text.HAL_PCD_EP_Receive
                0x0000000008001986       0x7a Drivers/STM32F1xx_HAL_Driver/Src/stm32f1xx_hal_pcd.o
                0x0000000008001986                HAL_PCD_EP_Receive
 .text.HAL_PCD_EP_GetRxCount
                0x0000000008001a00       0x2e Drivers/STM32F1xx_HAL_Driver/Src/stm32f1xx_hal_pcd.o
                0x0000000008001a00                HAL_PCD_EP_GetRxCount
 .text.HAL_PCD_EP_Transmit
                0x0000000008001a2e       0x86 Drivers/STM32F1xx_HAL_Driver/Src/stm32f1xx_hal_pcd.o
                0x0000000008001a2e                HAL_PCD_EP_Transmit
 .text.HAL_PCD_EP_SetStall
                0x0000000008001ab4       0xc0 Drivers/STM32F1xx_HAL_Driver/Src/stm32f1xx_hal_pcd.o
                0x0000000008001ab4                HAL_PCD_EP_SetStall
 .text.HAL_PCD_EP_ClrStall
                0x0000000008001b74       0xa8 Drivers/STM32F1xx_HAL_Driver/Src/stm32f1xx_hal_pcd.o
                0x0000000008001b74                HAL_PCD_EP_ClrStall
 .text.PCD_EP_ISR_Handler
                0x0000000008001c1c      0x600 Drivers/STM32F1xx_HAL_Driver/Src/stm32f1xx_hal_pcd.o
 .text.HAL_PCD_EP_DB_Receive
                0x000000000800221c      0x21a Drivers/STM32F1xx_HAL_Driver/Src/stm32f1xx_hal_pcd.o
 .text.HAL_PCD_EP_DB_Transmit
                0x0000000008002436      0x79e Drivers/STM32F1xx_HAL_Driver/Src/stm32f1xx_hal_pcd.o
 .text.HAL_PCDEx_PMAConfig
                0x0000000008002bd4       0x84 Drivers/STM32F1xx_HAL_Driver/Src/stm32f1xx_hal_pcd_ex.o
                0x0000000008002bd4                HAL_PCDEx_PMAConfig
 .text.HAL_RCC_OscConfig
                0x0000000008002c58      0x500 Drivers/STM32F1xx_HAL_Driver/Src/stm32f1xx_hal_rcc.o
                0x0000000008002c58                HAL_RCC_OscConfig
 .text.HAL_RCC_ClockConfig
                0x0000000008003158      0x1d4 Drivers/STM32F1xx_HAL_Driver/Src/stm32f1xx_hal_rcc.o
                0x0000000008003158                HAL_RCC_ClockConfig
 .text.HAL_RCC_GetSysClockFreq
                0x000000000800332c       0xc4 Drivers/STM32F1xx_HAL_Driver/Src/stm32f1xx_hal_rcc.o
                0x000000000800332c                HAL_RCC_GetSysClockFreq
 .text.RCC_Delay
                0x00000000080033f0       0x3c Drivers/STM32F1xx_HAL_Driver/Src/stm32f1xx_hal_rcc.o
 .text.HAL_RCCEx_PeriphCLKConfig
                0x000000000800342c      0x16c Drivers/STM32F1xx_HAL_Driver/Src/stm32f1xx_hal_rcc_ex.o
                0x000000000800342c                HAL_RCCEx_PeriphCLKConfig
 .text.HAL_SPI_Init
                0x0000000008003598      0x108 Drivers/STM32F1xx_HAL_Driver/Src/stm32f1xx_hal_spi.o
                0x0000000008003598                HAL_SPI_Init
 .text.HAL_SPI_Transmit
                0x00000000080036a0      0x278 Drivers/STM32F1xx_HAL_Driver/Src/stm32f1xx_hal_spi.o
                0x00000000080036a0                HAL_SPI_Transmit
 .text.SPI_WaitFlagStateUntilTimeout
                0x0000000008003918      0x110 Drivers/STM32F1xx_HAL_Driver/Src/stm32f1xx_hal_spi.o
 .text.SPI_EndRxTxTransaction
                0x0000000008003a28       0x3c Drivers/STM32F1xx_HAL_Driver/Src/stm32f1xx_hal_spi.o
 .text.USB_CoreInit
                0x0000000008003a64       0x20 Drivers/STM32F1xx_HAL_Driver/Src/stm32f1xx_ll_usb.o
                0x0000000008003a64                USB_CoreInit
 .text.USB_EnableGlobalInt
                0x0000000008003a84       0x2c Drivers/STM32F1xx_HAL_Driver/Src/stm32f1xx_ll_usb.o
                0x0000000008003a84                USB_EnableGlobalInt
 .text.USB_DisableGlobalInt
                0x0000000008003ab0       0x34 Drivers/STM32F1xx_HAL_Driver/Src/stm32f1xx_ll_usb.o
                0x0000000008003ab0                USB_DisableGlobalInt
 .text.USB_SetCurrentMode
                0x0000000008003ae4       0x18 Drivers/STM32F1xx_HAL_Driver/Src/stm32f1xx_ll_usb.o
                0x0000000008003ae4                USB_SetCurrentMode
 .text.USB_DevInit
                0x0000000008003afc       0x40 Drivers/STM32F1xx_HAL_Driver/Src/stm32f1xx_ll_usb.o
                0x0000000008003afc                USB_DevInit
 .text.USB_ActivateEndpoint
                0x0000000008003b3c      0x6d4 Drivers/STM32F1xx_HAL_Driver/Src/stm32f1xx_ll_usb.o
                0x0000000008003b3c                USB_ActivateEndpoint
 .text.USB_DeactivateEndpoint
                0x0000000008004210      0x3d8 Drivers/STM32F1xx_HAL_Driver/Src/stm32f1xx_ll_usb.o
                0x0000000008004210                USB_DeactivateEndpoint
 .text.USB_EPStartXfer
                0x00000000080045e8     0x15ee Drivers/STM32F1xx_HAL_Driver/Src/stm32f1xx_ll_usb.o
                0x00000000080045e8                USB_EPStartXfer
 .text.USB_EPSetStall
                0x0000000008005bd6       0xa0 Drivers/STM32F1xx_HAL_Driver/Src/stm32f1xx_ll_usb.o
                0x0000000008005bd6                USB_EPSetStall
 .text.USB_EPClearStall
                0x0000000008005c76      0x15a Drivers/STM32F1xx_HAL_Driver/Src/stm32f1xx_ll_usb.o
                0x0000000008005c76                USB_EPClearStall
 .text.USB_SetDevAddress
                0x0000000008005dd0       0x26 Drivers/STM32F1xx_HAL_Driver/Src/stm32f1xx_ll_usb.o
                0x0000000008005dd0                USB_SetDevAddress
 .text.USB_DevConnect
                0x0000000008005df6       0x14 Drivers/STM32F1xx_HAL_Driver/Src/stm32f1xx_ll_usb.o
                0x0000000008005df6                USB_DevConnect
 .text.USB_DevDisconnect
                0x0000000008005e0a       0x14 Drivers/STM32F1xx_HAL_Driver/Src/stm32f1xx_ll_usb.o
                0x0000000008005e0a                USB_DevDisconnect
 .text.USB_ReadInterrupts
                0x0000000008005e1e       0x1e Drivers/STM32F1xx_HAL_Driver/Src/stm32f1xx_ll_usb.o
                0x0000000008005e1e                USB_ReadInterrupts
 .text.USB_EP0_OutStart
                0x0000000008005e3c       0x16 Drivers/STM32F1xx_HAL_Driver/Src/stm32f1xx_ll_usb.o
                0x0000000008005e3c                USB_EP0_OutStart
 .text.USB_WritePMA
                0x0000000008005e52       0x88 Drivers/STM32F1xx_HAL_Driver/Src/stm32f1xx_ll_usb.o
                0x0000000008005e52                USB_WritePMA
 .text.USB_ReadPMA
                0x0000000008005eda       0x9e Drivers/STM32F1xx_HAL_Driver/Src/stm32f1xx_ll_usb.o
                0x0000000008005eda                USB_ReadPMA
 .text.USBD_CDC_Init
                0x0000000008005f78       0xf4 Middlewares/ST/STM32_USB_Device_Library/Class/CDC/Src/usbd_cdc.o
 .text.USBD_CDC_DeInit
                0x000000000800606c       0x6e Middlewares/ST/STM32_USB_Device_Library/Class/CDC/Src/usbd_cdc.o
 .text.USBD_CDC_Setup
                0x00000000080060da      0x140 Middlewares/ST/STM32_USB_Device_Library/Class/CDC/Src/usbd_cdc.o
 .text.USBD_CDC_DataIn
                0x000000000800621a       0xa6 Middlewares/ST/STM32_USB_Device_Library/Class/CDC/Src/usbd_cdc.o
 .text.USBD_CDC_DataOut
                0x00000000080062c0       0x56 Middlewares/ST/STM32_USB_Device_Library/Class/CDC/Src/usbd_cdc.o
 .text.USBD_CDC_EP0_RxReady
                0x0000000008006316       0x50 Middlewares/ST/STM32_USB_Device_Library/Class/CDC/Src/usbd_cdc.o
 *fill*         0x0000000008006366        0x2 
 .text.USBD_CDC_GetFSCfgDesc
                0x0000000008006368       0x20 Middlewares/ST/STM32_USB_Device_Library/Class/CDC/Src/usbd_cdc.o
 .text.USBD_CDC_GetHSCfgDesc
                0x0000000008006388       0x20 Middlewares/ST/STM32_USB_Device_Library/Class/CDC/Src/usbd_cdc.o
 .text.USBD_CDC_GetOtherSpeedCfgDesc
                0x00000000080063a8       0x20 Middlewares/ST/STM32_USB_Device_Library/Class/CDC/Src/usbd_cdc.o
 .text.USBD_CDC_GetDeviceQualifierDescriptor
                0x00000000080063c8       0x20 Middlewares/ST/STM32_USB_Device_Library/Class/CDC/Src/usbd_cdc.o
                0x00000000080063c8                USBD_CDC_GetDeviceQualifierDescriptor
 .text.USBD_CDC_RegisterInterface
                0x00000000080063e8       0x2c Middlewares/ST/STM32_USB_Device_Library/Class/CDC/Src/usbd_cdc.o
                0x00000000080063e8                USBD_CDC_RegisterInterface
 .text.USBD_CDC_SetTxBuffer
                0x0000000008006414       0x32 Middlewares/ST/STM32_USB_Device_Library/Class/CDC/Src/usbd_cdc.o
                0x0000000008006414                USBD_CDC_SetTxBuffer
 .text.USBD_CDC_SetRxBuffer
                0x0000000008006446       0x26 Middlewares/ST/STM32_USB_Device_Library/Class/CDC/Src/usbd_cdc.o
                0x0000000008006446                USBD_CDC_SetRxBuffer
 .text.USBD_CDC_ReceivePacket
                0x000000000800646c       0x54 Middlewares/ST/STM32_USB_Device_Library/Class/CDC/Src/usbd_cdc.o
                0x000000000800646c                USBD_CDC_ReceivePacket
 .text.USBD_Init
                0x00000000080064c0       0x56 Middlewares/ST/STM32_USB_Device_Library/Core/Src/usbd_core.o
                0x00000000080064c0                USBD_Init
 .text.USBD_RegisterClass
                0x0000000008006516       0x32 Middlewares/ST/STM32_USB_Device_Library/Core/Src/usbd_core.o
                0x0000000008006516                USBD_RegisterClass
 .text.USBD_Start
                0x0000000008006548       0x18 Middlewares/ST/STM32_USB_Device_Library/Core/Src/usbd_core.o
                0x0000000008006548                USBD_Start
 .text.USBD_RunTestMode
                0x0000000008006560       0x14 Middlewares/ST/STM32_USB_Device_Library/Core/Src/usbd_core.o
                0x0000000008006560                USBD_RunTestMode
 .text.USBD_SetClassConfig
                0x0000000008006574       0x3e Middlewares/ST/STM32_USB_Device_Library/Core/Src/usbd_core.o
                0x0000000008006574                USBD_SetClassConfig
 .text.USBD_ClrClassConfig
                0x00000000080065b2       0x26 Middlewares/ST/STM32_USB_Device_Library/Core/Src/usbd_core.o
                0x00000000080065b2                USBD_ClrClassConfig
 .text.USBD_LL_SetupStage
                0x00000000080065d8       0x96 Middlewares/ST/STM32_USB_Device_Library/Core/Src/usbd_core.o
                0x00000000080065d8                USBD_LL_SetupStage
 .text.USBD_LL_DataOutStage
                0x000000000800666e       0xe2 Middlewares/ST/STM32_USB_Device_Library/Core/Src/usbd_core.o
                0x000000000800666e                USBD_LL_DataOutStage
 .text.USBD_LL_DataInStage
                0x0000000008006750      0x14a Middlewares/ST/STM32_USB_Device_Library/Core/Src/usbd_core.o
                0x0000000008006750                USBD_LL_DataInStage
 .text.USBD_LL_Reset
                0x000000000800689a       0x82 Middlewares/ST/STM32_USB_Device_Library/Core/Src/usbd_core.o
                0x000000000800689a                USBD_LL_Reset
 .text.USBD_LL_SetSpeed
                0x000000000800691c       0x1e Middlewares/ST/STM32_USB_Device_Library/Core/Src/usbd_core.o
                0x000000000800691c                USBD_LL_SetSpeed
 .text.USBD_LL_Suspend
                0x000000000800693a       0x28 Middlewares/ST/STM32_USB_Device_Library/Core/Src/usbd_core.o
                0x000000000800693a                USBD_LL_Suspend
 .text.USBD_LL_Resume
                0x0000000008006962       0x2a Middlewares/ST/STM32_USB_Device_Library/Core/Src/usbd_core.o
                0x0000000008006962                USBD_LL_Resume
 .text.USBD_LL_SOF
                0x000000000800698c       0x34 Middlewares/ST/STM32_USB_Device_Library/Core/Src/usbd_core.o
                0x000000000800698c                USBD_LL_SOF
 .text.USBD_StdDevReq
                0x00000000080069c0       0xd4 Middlewares/ST/STM32_USB_Device_Library/Core/Src/usbd_ctlreq.o
                0x00000000080069c0                USBD_StdDevReq
 .text.USBD_StdItfReq
                0x0000000008006a94       0x8c Middlewares/ST/STM32_USB_Device_Library/Core/Src/usbd_ctlreq.o
                0x0000000008006a94                USBD_StdItfReq
 .text.USBD_StdEPReq
                0x0000000008006b20      0x2ba Middlewares/ST/STM32_USB_Device_Library/Core/Src/usbd_ctlreq.o
                0x0000000008006b20                USBD_StdEPReq
 *fill*         0x0000000008006dda        0x2 
 .text.USBD_GetDescriptor
                0x0000000008006ddc      0x2d0 Middlewares/ST/STM32_USB_Device_Library/Core/Src/usbd_ctlreq.o
 .text.USBD_SetAddress
                0x00000000080070ac       0x84 Middlewares/ST/STM32_USB_Device_Library/Core/Src/usbd_ctlreq.o
 .text.USBD_SetConfig
                0x0000000008007130      0x11c Middlewares/ST/STM32_USB_Device_Library/Core/Src/usbd_ctlreq.o
 .text.USBD_GetConfig
                0x000000000800724c       0x68 Middlewares/ST/STM32_USB_Device_Library/Core/Src/usbd_ctlreq.o
 .text.USBD_GetStatus
                0x00000000080072b4       0x66 Middlewares/ST/STM32_USB_Device_Library/Core/Src/usbd_ctlreq.o
 .text.USBD_SetFeature
                0x000000000800731a       0x28 Middlewares/ST/STM32_USB_Device_Library/Core/Src/usbd_ctlreq.o
 .text.USBD_ClrFeature
                0x0000000008007342       0x42 Middlewares/ST/STM32_USB_Device_Library/Core/Src/usbd_ctlreq.o
 .text.USBD_ParseSetupRequest
                0x0000000008007384       0x78 Middlewares/ST/STM32_USB_Device_Library/Core/Src/usbd_ctlreq.o
                0x0000000008007384                USBD_ParseSetupRequest
 .text.USBD_CtlError
                0x00000000080073fc       0x22 Middlewares/ST/STM32_USB_Device_Library/Core/Src/usbd_ctlreq.o
                0x00000000080073fc                USBD_CtlError
 .text.USBD_GetString
                0x000000000800741e       0x84 Middlewares/ST/STM32_USB_Device_Library/Core/Src/usbd_ctlreq.o
                0x000000000800741e                USBD_GetString
 .text.USBD_GetLen
                0x00000000080074a2       0x2e Middlewares/ST/STM32_USB_Device_Library/Core/Src/usbd_ctlreq.o
 .text.USBD_CtlSendData
                0x00000000080074d0       0x38 Middlewares/ST/STM32_USB_Device_Library/Core/Src/usbd_ioreq.o
                0x00000000080074d0                USBD_CtlSendData
 .text.USBD_CtlContinueSendData
                0x0000000008007508       0x24 Middlewares/ST/STM32_USB_Device_Library/Core/Src/usbd_ioreq.o
                0x0000000008007508                USBD_CtlContinueSendData
 .text.USBD_CtlPrepareRx
                0x000000000800752c       0x3c Middlewares/ST/STM32_USB_Device_Library/Core/Src/usbd_ioreq.o
                0x000000000800752c                USBD_CtlPrepareRx
 .text.USBD_CtlContinueRx
                0x0000000008007568       0x24 Middlewares/ST/STM32_USB_Device_Library/Core/Src/usbd_ioreq.o
                0x0000000008007568                USBD_CtlContinueRx
 .text.USBD_CtlSendStatus
                0x000000000800758c       0x26 Middlewares/ST/STM32_USB_Device_Library/Core/Src/usbd_ioreq.o
                0x000000000800758c                USBD_CtlSendStatus
 .text.USBD_CtlReceiveStatus
                0x00000000080075b2       0x26 Middlewares/ST/STM32_USB_Device_Library/Core/Src/usbd_ioreq.o
                0x00000000080075b2                USBD_CtlReceiveStatus
 .text.MX_USB_DEVICE_Init
                0x00000000080075d8       0x60 USB_DEVICE/App/usb_device.o
                0x00000000080075d8                MX_USB_DEVICE_Init
 .text.CDC_Init_FS
                0x0000000008007638       0x28 USB_DEVICE/App/usbd_cdc_if.o
 .text.CDC_DeInit_FS
                0x0000000008007660        0xe USB_DEVICE/App/usbd_cdc_if.o
 *fill*         0x000000000800766e        0x2 
 .text.CDC_Control_FS
                0x0000000008007670       0xbc USB_DEVICE/App/usbd_cdc_if.o
 .text.CDC_Receive_FS
                0x000000000800772c       0xa0 USB_DEVICE/App/usbd_cdc_if.o
 .text.USBD_FS_DeviceDescriptor
                0x00000000080077cc       0x24 USB_DEVICE/App/usbd_desc.o
                0x00000000080077cc                USBD_FS_DeviceDescriptor
 .text.USBD_FS_LangIDStrDescriptor
                0x00000000080077f0       0x24 USB_DEVICE/App/usbd_desc.o
                0x00000000080077f0                USBD_FS_LangIDStrDescriptor
 .text.USBD_FS_ProductStrDescriptor
                0x0000000008007814       0x3c USB_DEVICE/App/usbd_desc.o
                0x0000000008007814                USBD_FS_ProductStrDescriptor
 .text.USBD_FS_ManufacturerStrDescriptor
                0x0000000008007850       0x28 USB_DEVICE/App/usbd_desc.o
                0x0000000008007850                USBD_FS_ManufacturerStrDescriptor
 .text.USBD_FS_SerialStrDescriptor
                0x0000000008007878       0x24 USB_DEVICE/App/usbd_desc.o
                0x0000000008007878                USBD_FS_SerialStrDescriptor
 .text.USBD_FS_ConfigStrDescriptor
                0x000000000800789c       0x3c USB_DEVICE/App/usbd_desc.o
                0x000000000800789c                USBD_FS_ConfigStrDescriptor
 .text.USBD_FS_InterfaceStrDescriptor
                0x00000000080078d8       0x3c USB_DEVICE/App/usbd_desc.o
                0x00000000080078d8                USBD_FS_InterfaceStrDescriptor
 .text.Get_SerialNum
                0x0000000008007914       0x58 USB_DEVICE/App/usbd_desc.o
 .text.IntToUnicode
                0x000000000800796c       0x7a USB_DEVICE/App/usbd_desc.o
 *fill*         0x00000000080079e6        0x2 
 .text.HAL_PCD_MspInit
                0x00000000080079e8       0x4c USB_DEVICE/Target/usbd_conf.o
                0x00000000080079e8                HAL_PCD_MspInit
 .text.HAL_PCD_SetupStageCallback
                0x0000000008007a34       0x24 USB_DEVICE/Target/usbd_conf.o
                0x0000000008007a34                HAL_PCD_SetupStageCallback
 .text.HAL_PCD_DataOutStageCallback
                0x0000000008007a58       0x36 USB_DEVICE/Target/usbd_conf.o
                0x0000000008007a58                HAL_PCD_DataOutStageCallback
 .text.HAL_PCD_DataInStageCallback
                0x0000000008007a8e       0x34 USB_DEVICE/Target/usbd_conf.o
                0x0000000008007a8e                HAL_PCD_DataInStageCallback
 .text.HAL_PCD_SOFCallback
                0x0000000008007ac2       0x1c USB_DEVICE/Target/usbd_conf.o
                0x0000000008007ac2                HAL_PCD_SOFCallback
 .text.HAL_PCD_ResetCallback
                0x0000000008007ade       0x3c USB_DEVICE/Target/usbd_conf.o
                0x0000000008007ade                HAL_PCD_ResetCallback
 *fill*         0x0000000008007b1a        0x2 
 .text.HAL_PCD_SuspendCallback
                0x0000000008007b1c       0x34 USB_DEVICE/Target/usbd_conf.o
                0x0000000008007b1c                HAL_PCD_SuspendCallback
 .text.HAL_PCD_ResumeCallback
                0x0000000008007b50       0x1c USB_DEVICE/Target/usbd_conf.o
                0x0000000008007b50                HAL_PCD_ResumeCallback
 .text.USBD_LL_Init
                0x0000000008007b6c       0xb4 USB_DEVICE/Target/usbd_conf.o
                0x0000000008007b6c                USBD_LL_Init
 .text.USBD_LL_Start
                0x0000000008007c20       0x36 USB_DEVICE/Target/usbd_conf.o
                0x0000000008007c20                USBD_LL_Start
 .text.USBD_LL_OpenEP
                0x0000000008007c56       0x4c USB_DEVICE/Target/usbd_conf.o
                0x0000000008007c56                USBD_LL_OpenEP
 .text.USBD_LL_CloseEP
                0x0000000008007ca2       0x3e USB_DEVICE/Target/usbd_conf.o
                0x0000000008007ca2                USBD_LL_CloseEP
 .text.USBD_LL_StallEP
                0x0000000008007ce0       0x3e USB_DEVICE/Target/usbd_conf.o
                0x0000000008007ce0                USBD_LL_StallEP
 .text.USBD_LL_ClearStallEP
                0x0000000008007d1e       0x3e USB_DEVICE/Target/usbd_conf.o
                0x0000000008007d1e                USBD_LL_ClearStallEP
 .text.USBD_LL_IsStallEP
                0x0000000008007d5c       0x58 USB_DEVICE/Target/usbd_conf.o
                0x0000000008007d5c                USBD_LL_IsStallEP
 .text.USBD_LL_SetUSBAddress
                0x0000000008007db4       0x3e USB_DEVICE/Target/usbd_conf.o
                0x0000000008007db4                USBD_LL_SetUSBAddress
 .text.USBD_LL_Transmit
                0x0000000008007df2       0x46 USB_DEVICE/Target/usbd_conf.o
                0x0000000008007df2                USBD_LL_Transmit
 .text.USBD_LL_PrepareReceive
                0x0000000008007e38       0x46 USB_DEVICE/Target/usbd_conf.o
                0x0000000008007e38                USBD_LL_PrepareReceive
 .text.USBD_LL_GetRxDataSize
                0x0000000008007e7e       0x26 USB_DEVICE/Target/usbd_conf.o
                0x0000000008007e7e                USBD_LL_GetRxDataSize
 .text.USBD_static_malloc
                0x0000000008007ea4       0x18 USB_DEVICE/Target/usbd_conf.o
                0x0000000008007ea4                USBD_static_malloc
 .text.USBD_static_free
                0x0000000008007ebc       0x12 USB_DEVICE/Target/usbd_conf.o
                0x0000000008007ebc                USBD_static_free
 .text.HAL_PCDEx_SetConnectionState
                0x0000000008007ece       0x16 USB_DEVICE/Target/usbd_conf.o
                0x0000000008007ece                HAL_PCDEx_SetConnectionState
 .text.USBD_Get_USB_Status
                0x0000000008007ee4       0x58 USB_DEVICE/Target/usbd_conf.o
 .text.__libc_init_array
                0x0000000008007f3c       0x48 c:/st/stm32cubeide_1.5.1/stm32cubeide/plugins/com.st.stm32cube.ide.mcu.externaltools.gnu-tools-for-stm32.7-2018-q2-update.win32_1.5.0.202011040924/tools/bin/../lib/gcc/arm-none-eabi/7.3.1/../../../../arm-none-eabi/lib/thumb/v7-m\libc_nano.a(lib_a-init.o)
                0x0000000008007f3c                __libc_init_array
 .text.memset   0x0000000008007f84       0x10 c:/st/stm32cubeide_1.5.1/stm32cubeide/plugins/com.st.stm32cube.ide.mcu.externaltools.gnu-tools-for-stm32.7-2018-q2-update.win32_1.5.0.202011040924/tools/bin/../lib/gcc/arm-none-eabi/7.3.1/../../../../arm-none-eabi/lib/thumb/v7-m\libc_nano.a(lib_a-memset.o)
                0x0000000008007f84                memset
 *(.glue_7)
 .glue_7        0x0000000008007f94        0x0 linker stubs
 *(.glue_7t)
 .glue_7t       0x0000000008007f94        0x0 linker stubs
 *(.eh_frame)
 .eh_frame      0x0000000008007f94        0x0 c:/st/stm32cubeide_1.5.1/stm32cubeide/plugins/com.st.stm32cube.ide.mcu.externaltools.gnu-tools-for-stm32.7-2018-q2-update.win32_1.5.0.202011040924/tools/bin/../lib/gcc/arm-none-eabi/7.3.1/thumb/v7-m/crtbegin.o
 *(.init)
 .init          0x0000000008007f94        0x4 c:/st/stm32cubeide_1.5.1/stm32cubeide/plugins/com.st.stm32cube.ide.mcu.externaltools.gnu-tools-for-stm32.7-2018-q2-update.win32_1.5.0.202011040924/tools/bin/../lib/gcc/arm-none-eabi/7.3.1/thumb/v7-m/crti.o
                0x0000000008007f94                _init
 .init          0x0000000008007f98        0x8 c:/st/stm32cubeide_1.5.1/stm32cubeide/plugins/com.st.stm32cube.ide.mcu.externaltools.gnu-tools-for-stm32.7-2018-q2-update.win32_1.5.0.202011040924/tools/bin/../lib/gcc/arm-none-eabi/7.3.1/thumb/v7-m/crtn.o
 *(.fini)
 .fini          0x0000000008007fa0        0x4 c:/st/stm32cubeide_1.5.1/stm32cubeide/plugins/com.st.stm32cube.ide.mcu.externaltools.gnu-tools-for-stm32.7-2018-q2-update.win32_1.5.0.202011040924/tools/bin/../lib/gcc/arm-none-eabi/7.3.1/thumb/v7-m/crti.o
                0x0000000008007fa0                _fini
 .fini          0x0000000008007fa4        0x8 c:/st/stm32cubeide_1.5.1/stm32cubeide/plugins/com.st.stm32cube.ide.mcu.externaltools.gnu-tools-for-stm32.7-2018-q2-update.win32_1.5.0.202011040924/tools/bin/../lib/gcc/arm-none-eabi/7.3.1/thumb/v7-m/crtn.o
                0x0000000008007fac                . = ALIGN (0x4)
                0x0000000008007fac                _etext = .

.vfp11_veneer   0x0000000008007fac        0x0
 .vfp11_veneer  0x0000000008007fac        0x0 linker stubs

.v4_bx          0x0000000008007fac        0x0
 .v4_bx         0x0000000008007fac        0x0 linker stubs

.iplt           0x0000000008007fac        0x0
 .iplt          0x0000000008007fac        0x0 c:/st/stm32cubeide_1.5.1/stm32cubeide/plugins/com.st.stm32cube.ide.mcu.externaltools.gnu-tools-for-stm32.7-2018-q2-update.win32_1.5.0.202011040924/tools/bin/../lib/gcc/arm-none-eabi/7.3.1/thumb/v7-m/crtbegin.o

.rodata         0x0000000008007fac      0x864
                0x0000000008007fac                . = ALIGN (0x4)
 *(.rodata)
 .rodata        0x0000000008007fac       0x11 Core/Src/main.o
 *fill*         0x0000000008007fbd        0x3 
 .rodata        0x0000000008007fc0       0x12 Drivers/STM32F1xx_HAL_Driver/Src/stm32f1xx_hal_rcc.o
 *fill*         0x0000000008007fd2        0x2 
 .rodata        0x0000000008007fd4       0x46 USB_DEVICE/App/usbd_desc.o
 *(.rodata*)
 *fill*         0x000000000800801a        0x2 
 .rodata.Font7x10
                0x000000000800801c      0x76c Core/Src/ST7735/fonts.o
 .rodata.init_cmds1
                0x0000000008008788       0x3b Core/Src/ST7735/st7735.o
 *fill*         0x00000000080087c3        0x1 
 .rodata.init_cmds2
                0x00000000080087c4        0xf Core/Src/ST7735/st7735.o
 *fill*         0x00000000080087d3        0x1 
 .rodata.init_cmds3
                0x00000000080087d4       0x2b Core/Src/ST7735/st7735.o
 *fill*         0x00000000080087ff        0x1 
 .rodata.AHBPrescTable
                0x0000000008008800       0x10 Core/Src/system_stm32f1xx.o
                0x0000000008008800                AHBPrescTable
                0x0000000008008810                . = ALIGN (0x4)

.rel.dyn        0x0000000008008810        0x0
 .rel.iplt      0x0000000008008810        0x0 c:/st/stm32cubeide_1.5.1/stm32cubeide/plugins/com.st.stm32cube.ide.mcu.externaltools.gnu-tools-for-stm32.7-2018-q2-update.win32_1.5.0.202011040924/tools/bin/../lib/gcc/arm-none-eabi/7.3.1/thumb/v7-m/crtbegin.o

.ARM.extab      0x0000000008008810        0x0
                0x0000000008008810                . = ALIGN (0x4)
 *(.ARM.extab* .gnu.linkonce.armextab.*)
                0x0000000008008810                . = ALIGN (0x4)

.ARM            0x0000000008008810        0x0
                0x0000000008008810                . = ALIGN (0x4)
                0x0000000008008810                __exidx_start = .
 *(.ARM.exidx*)
                0x0000000008008810                __exidx_end = .
                0x0000000008008810                . = ALIGN (0x4)

.preinit_array  0x0000000008008810        0x0
                0x0000000008008810                . = ALIGN (0x4)
                0x0000000008008810                PROVIDE (__preinit_array_start = .)
 *(.preinit_array*)
                0x0000000008008810                PROVIDE (__preinit_array_end = .)
                0x0000000008008810                . = ALIGN (0x4)

.init_array     0x0000000008008810        0x4
                0x0000000008008810                . = ALIGN (0x4)
                0x0000000008008810                PROVIDE (__init_array_start = .)
 *(SORT_BY_NAME(.init_array.*))
 *(.init_array*)
 .init_array    0x0000000008008810        0x4 c:/st/stm32cubeide_1.5.1/stm32cubeide/plugins/com.st.stm32cube.ide.mcu.externaltools.gnu-tools-for-stm32.7-2018-q2-update.win32_1.5.0.202011040924/tools/bin/../lib/gcc/arm-none-eabi/7.3.1/thumb/v7-m/crtbegin.o
                0x0000000008008814                PROVIDE (__init_array_end = .)
                0x0000000008008814                . = ALIGN (0x4)

.fini_array     0x0000000008008814        0x4
                0x0000000008008814                . = ALIGN (0x4)
                [!provide]                        PROVIDE (__fini_array_start = .)
 *(SORT_BY_NAME(.fini_array.*))
 *(.fini_array*)
 .fini_array    0x0000000008008814        0x4 c:/st/stm32cubeide_1.5.1/stm32cubeide/plugins/com.st.stm32cube.ide.mcu.externaltools.gnu-tools-for-stm32.7-2018-q2-update.win32_1.5.0.202011040924/tools/bin/../lib/gcc/arm-none-eabi/7.3.1/thumb/v7-m/crtbegin.o
                [!provide]                        PROVIDE (__fini_array_end = .)
                0x0000000008008818                . = ALIGN (0x4)
                0x0000000008008818                _sidata = LOADADDR (.data)

.data           0x0000000020000000      0x184 load address 0x0000000008008818
                0x0000000020000000                . = ALIGN (0x4)
                0x0000000020000000                _sdata = .
 *(.data)
 *(.data*)
 .data.Font_7x10
                0x0000000020000000        0x8 Core/Src/ST7735/fonts.o
                0x0000000020000000                Font_7x10
 .data.SystemCoreClock
                0x0000000020000008        0x4 Core/Src/system_stm32f1xx.o
                0x0000000020000008                SystemCoreClock
 .data.uwTickPrio
                0x000000002000000c        0x4 Drivers/STM32F1xx_HAL_Driver/Src/stm32f1xx_hal.o
                0x000000002000000c                uwTickPrio
 .data.uwTickFreq
                0x0000000020000010        0x1 Drivers/STM32F1xx_HAL_Driver/Src/stm32f1xx_hal.o
                0x0000000020000010                uwTickFreq
 *fill*         0x0000000020000011        0x3 
 .data.USBD_CDC_DeviceQualifierDesc
                0x0000000020000014        0xa Middlewares/ST/STM32_USB_Device_Library/Class/CDC/Src/usbd_cdc.o
 *fill*         0x000000002000001e        0x2 
 .data.USBD_CDC
                0x0000000020000020       0x38 Middlewares/ST/STM32_USB_Device_Library/Class/CDC/Src/usbd_cdc.o
                0x0000000020000020                USBD_CDC
 .data.USBD_CDC_CfgHSDesc
                0x0000000020000058       0x43 Middlewares/ST/STM32_USB_Device_Library/Class/CDC/Src/usbd_cdc.o
                0x0000000020000058                USBD_CDC_CfgHSDesc
 *fill*         0x000000002000009b        0x1 
 .data.USBD_CDC_CfgFSDesc
                0x000000002000009c       0x43 Middlewares/ST/STM32_USB_Device_Library/Class/CDC/Src/usbd_cdc.o
                0x000000002000009c                USBD_CDC_CfgFSDesc
 *fill*         0x00000000200000df        0x1 
 .data.USBD_CDC_OtherSpeedCfgDesc
                0x00000000200000e0       0x43 Middlewares/ST/STM32_USB_Device_Library/Class/CDC/Src/usbd_cdc.o
                0x00000000200000e0                USBD_CDC_OtherSpeedCfgDesc
 *fill*         0x0000000020000123        0x1 
 .data.USBD_Interface_fops_FS
                0x0000000020000124       0x10 USB_DEVICE/App/usbd_cdc_if.o
                0x0000000020000124                USBD_Interface_fops_FS
 .data.FS_Desc  0x0000000020000134       0x1c USB_DEVICE/App/usbd_desc.o
                0x0000000020000134                FS_Desc
 .data.USBD_FS_DeviceDesc
                0x0000000020000150       0x12 USB_DEVICE/App/usbd_desc.o
                0x0000000020000150                USBD_FS_DeviceDesc
 *fill*         0x0000000020000162        0x2 
 .data.USBD_LangIDDesc
                0x0000000020000164        0x4 USB_DEVICE/App/usbd_desc.o
                0x0000000020000164                USBD_LangIDDesc
 .data.USBD_StringSerial
                0x0000000020000168       0x1a USB_DEVICE/App/usbd_desc.o
                0x0000000020000168                USBD_StringSerial
 *(.RamFunc)
 *(.RamFunc*)
                0x0000000020000184                . = ALIGN (0x4)
 *fill*         0x0000000020000182        0x2 
                0x0000000020000184                _edata = .

.igot.plt       0x0000000020000184        0x0 load address 0x000000000800899c
 .igot.plt      0x0000000020000184        0x0 c:/st/stm32cubeide_1.5.1/stm32cubeide/plugins/com.st.stm32cube.ide.mcu.externaltools.gnu-tools-for-stm32.7-2018-q2-update.win32_1.5.0.202011040924/tools/bin/../lib/gcc/arm-none-eabi/7.3.1/thumb/v7-m/crtbegin.o
                0x0000000020000184                . = ALIGN (0x4)

.bss            0x0000000020000184     0x1294 load address 0x000000000800899c
                0x0000000020000184                _sbss = .
                0x0000000020000184                __bss_start__ = _sbss
 *(.bss)
 .bss           0x0000000020000184       0x1c c:/st/stm32cubeide_1.5.1/stm32cubeide/plugins/com.st.stm32cube.ide.mcu.externaltools.gnu-tools-for-stm32.7-2018-q2-update.win32_1.5.0.202011040924/tools/bin/../lib/gcc/arm-none-eabi/7.3.1/thumb/v7-m/crtbegin.o
 *(.bss*)
 .bss.cfgidx.7755
                0x00000000200001a0        0x1 Middlewares/ST/STM32_USB_Device_Library/Core/Src/usbd_ctlreq.o
 *fill*         0x00000000200001a1        0x3 
 .bss.mem.7823  0x00000000200001a4      0x220 USB_DEVICE/Target/usbd_conf.o
 *(COMMON)
 COMMON         0x00000000200003c4       0xce Core/Src/main.o
                0x00000000200003c4                Received
                0x00000000200003c8                Italia
                0x00000000200003e4                Alemanha
                0x00000000200003fe                Recived
                0x0000000020000400                Japao
                0x000000002000041c                hspi1
                0x0000000020000474                nome
 *fill*         0x0000000020000492        0x2 
 COMMON         0x0000000020000494        0x4 Drivers/STM32F1xx_HAL_Driver/Src/stm32f1xx_hal.o
                0x0000000020000494                uwTick
 COMMON         0x0000000020000498      0x2c4 USB_DEVICE/App/usb_device.o
                0x0000000020000498                hUsbDeviceFS
 COMMON         0x000000002000075c      0x7d0 USB_DEVICE/App/usbd_cdc_if.o
                0x000000002000075c                UserRxBufferFS
                0x0000000020000b44                UserTxBufferFS
 COMMON         0x0000000020000f2c      0x200 USB_DEVICE/App/usbd_desc.o
                0x0000000020000f2c                USBD_StrDesc
 COMMON         0x000000002000112c      0x2ec USB_DEVICE/Target/usbd_conf.o
                0x000000002000112c                hpcd_USB_FS
                0x0000000020001418                . = ALIGN (0x4)
                0x0000000020001418                _ebss = .
                0x0000000020001418                __bss_end__ = _ebss

._user_heap_stack
                0x0000000020001418      0x600 load address 0x000000000800899c
                0x0000000020001418                . = ALIGN (0x8)
                [!provide]                        PROVIDE (end = .)
                0x0000000020001418                PROVIDE (_end = .)
                0x0000000020001618                . = (. + _Min_Heap_Size)
 *fill*         0x0000000020001418      0x200 
                0x0000000020001a18                . = (. + _Min_Stack_Size)
 *fill*         0x0000000020001618      0x400 
                0x0000000020001a18                . = ALIGN (0x8)

/DISCARD/
 libc.a(*)
 libm.a(*)
 libgcc.a(*)

.ARM.attributes
                0x0000000000000000       0x29
 *(.ARM.attributes)
 .ARM.attributes
                0x0000000000000000       0x1d c:/st/stm32cubeide_1.5.1/stm32cubeide/plugins/com.st.stm32cube.ide.mcu.externaltools.gnu-tools-for-stm32.7-2018-q2-update.win32_1.5.0.202011040924/tools/bin/../lib/gcc/arm-none-eabi/7.3.1/thumb/v7-m/crti.o
 .ARM.attributes
                0x000000000000001d       0x2d c:/st/stm32cubeide_1.5.1/stm32cubeide/plugins/com.st.stm32cube.ide.mcu.externaltools.gnu-tools-for-stm32.7-2018-q2-update.win32_1.5.0.202011040924/tools/bin/../lib/gcc/arm-none-eabi/7.3.1/thumb/v7-m/crtbegin.o
 .ARM.attributes
                0x000000000000004a       0x33 Core/Src/ST7735/fonts.o
 .ARM.attributes
                0x000000000000007d       0x33 Core/Src/ST7735/st7735.o
 .ARM.attributes
                0x00000000000000b0       0x33 Core/Src/main.o
 .ARM.attributes
                0x00000000000000e3       0x33 Core/Src/stm32f1xx_hal_msp.o
 .ARM.attributes
                0x0000000000000116       0x33 Core/Src/stm32f1xx_it.o
 .ARM.attributes
                0x0000000000000149       0x33 Core/Src/system_stm32f1xx.o
 .ARM.attributes
                0x000000000000017c       0x21 Core/Startup/startup_stm32f103c8tx.o
 .ARM.attributes
                0x000000000000019d       0x33 Drivers/STM32F1xx_HAL_Driver/Src/stm32f1xx_hal.o
 .ARM.attributes
                0x00000000000001d0       0x33 Drivers/STM32F1xx_HAL_Driver/Src/stm32f1xx_hal_cortex.o
 .ARM.attributes
                0x0000000000000203       0x33 Drivers/STM32F1xx_HAL_Driver/Src/stm32f1xx_hal_gpio.o
 .ARM.attributes
                0x0000000000000236       0x33 Drivers/STM32F1xx_HAL_Driver/Src/stm32f1xx_hal_pcd.o
 .ARM.attributes
                0x0000000000000269       0x33 Drivers/STM32F1xx_HAL_Driver/Src/stm32f1xx_hal_pcd_ex.o
 .ARM.attributes
                0x000000000000029c       0x33 Drivers/STM32F1xx_HAL_Driver/Src/stm32f1xx_hal_rcc.o
 .ARM.attributes
                0x00000000000002cf       0x33 Drivers/STM32F1xx_HAL_Driver/Src/stm32f1xx_hal_rcc_ex.o
 .ARM.attributes
                0x0000000000000302       0x33 Drivers/STM32F1xx_HAL_Driver/Src/stm32f1xx_hal_spi.o
 .ARM.attributes
                0x0000000000000335       0x33 Drivers/STM32F1xx_HAL_Driver/Src/stm32f1xx_ll_usb.o
 .ARM.attributes
                0x0000000000000368       0x33 Middlewares/ST/STM32_USB_Device_Library/Class/CDC/Src/usbd_cdc.o
 .ARM.attributes
                0x000000000000039b       0x33 Middlewares/ST/STM32_USB_Device_Library/Core/Src/usbd_core.o
 .ARM.attributes
                0x00000000000003ce       0x33 Middlewares/ST/STM32_USB_Device_Library/Core/Src/usbd_ctlreq.o
 .ARM.attributes
                0x0000000000000401       0x33 Middlewares/ST/STM32_USB_Device_Library/Core/Src/usbd_ioreq.o
 .ARM.attributes
                0x0000000000000434       0x33 USB_DEVICE/App/usb_device.o
 .ARM.attributes
                0x0000000000000467       0x33 USB_DEVICE/App/usbd_cdc_if.o
 .ARM.attributes
                0x000000000000049a       0x33 USB_DEVICE/App/usbd_desc.o
 .ARM.attributes
                0x00000000000004cd       0x33 USB_DEVICE/Target/usbd_conf.o
 .ARM.attributes
                0x0000000000000500       0x2d c:/st/stm32cubeide_1.5.1/stm32cubeide/plugins/com.st.stm32cube.ide.mcu.externaltools.gnu-tools-for-stm32.7-2018-q2-update.win32_1.5.0.202011040924/tools/bin/../lib/gcc/arm-none-eabi/7.3.1/../../../../arm-none-eabi/lib/thumb/v7-m\libc_nano.a(lib_a-init.o)
 .ARM.attributes
                0x000000000000052d       0x2d c:/st/stm32cubeide_1.5.1/stm32cubeide/plugins/com.st.stm32cube.ide.mcu.externaltools.gnu-tools-for-stm32.7-2018-q2-update.win32_1.5.0.202011040924/tools/bin/../lib/gcc/arm-none-eabi/7.3.1/../../../../arm-none-eabi/lib/thumb/v7-m\libc_nano.a(lib_a-memset.o)
 .ARM.attributes
                0x000000000000055a       0x1b c:/st/stm32cubeide_1.5.1/stm32cubeide/plugins/com.st.stm32cube.ide.mcu.externaltools.gnu-tools-for-stm32.7-2018-q2-update.win32_1.5.0.202011040924/tools/bin/../lib/gcc/arm-none-eabi/7.3.1/../../../../arm-none-eabi/lib/thumb/v7-m\libc_nano.a(lib_a-strcmp.o)
 .ARM.attributes
                0x0000000000000575       0x1d c:/st/stm32cubeide_1.5.1/stm32cubeide/plugins/com.st.stm32cube.ide.mcu.externaltools.gnu-tools-for-stm32.7-2018-q2-update.win32_1.5.0.202011040924/tools/bin/../lib/gcc/arm-none-eabi/7.3.1/thumb/v7-m/crtn.o
OUTPUT(Ponteiro.elf elf32-littlearm)

.debug_info     0x0000000000000000    0x144c3
 .debug_info    0x0000000000000000      0x19c Core/Src/ST7735/fonts.o
 .debug_info    0x000000000000019c     0x1626 Core/Src/ST7735/st7735.o
 .debug_info    0x00000000000017c2     0x1824 Core/Src/main.o
 .debug_info    0x0000000000002fe6      0x892 Core/Src/stm32f1xx_hal_msp.o
 .debug_info    0x0000000000003878      0x6a8 Core/Src/stm32f1xx_it.o
 .debug_info    0x0000000000003f20      0x29a Core/Src/system_stm32f1xx.o
 .debug_info    0x00000000000041ba       0x22 Core/Startup/startup_stm32f103c8tx.o
 .debug_info    0x00000000000041dc      0x714 Drivers/STM32F1xx_HAL_Driver/Src/stm32f1xx_hal.o
 .debug_info    0x00000000000048f0      0xb51 Drivers/STM32F1xx_HAL_Driver/Src/stm32f1xx_hal_cortex.o
 .debug_info    0x0000000000005441      0x69b Drivers/STM32F1xx_HAL_Driver/Src/stm32f1xx_hal_gpio.o
 .debug_info    0x0000000000005adc     0x13f3 Drivers/STM32F1xx_HAL_Driver/Src/stm32f1xx_hal_pcd.o
 .debug_info    0x0000000000006ecf      0x787 Drivers/STM32F1xx_HAL_Driver/Src/stm32f1xx_hal_pcd_ex.o
 .debug_info    0x0000000000007656      0x80f Drivers/STM32F1xx_HAL_Driver/Src/stm32f1xx_hal_rcc.o
 .debug_info    0x0000000000007e65      0x444 Drivers/STM32F1xx_HAL_Driver/Src/stm32f1xx_hal_rcc_ex.o
 .debug_info    0x00000000000082a9     0x1581 Drivers/STM32F1xx_HAL_Driver/Src/stm32f1xx_hal_spi.o
 .debug_info    0x000000000000982a     0x18b3 Drivers/STM32F1xx_HAL_Driver/Src/stm32f1xx_ll_usb.o
 .debug_info    0x000000000000b0dd     0x17b8 Middlewares/ST/STM32_USB_Device_Library/Class/CDC/Src/usbd_cdc.o
 .debug_info    0x000000000000c895     0x11d2 Middlewares/ST/STM32_USB_Device_Library/Core/Src/usbd_core.o
 .debug_info    0x000000000000da67     0x1142 Middlewares/ST/STM32_USB_Device_Library/Core/Src/usbd_ctlreq.o
 .debug_info    0x000000000000eba9      0xf33 Middlewares/ST/STM32_USB_Device_Library/Core/Src/usbd_ioreq.o
 .debug_info    0x000000000000fadc      0xe7b USB_DEVICE/App/usb_device.o
 .debug_info    0x0000000000010957     0x1099 USB_DEVICE/App/usbd_cdc_if.o
 .debug_info    0x00000000000119f0      0xd17 USB_DEVICE/App/usbd_desc.o
 .debug_info    0x0000000000012707     0x1dbc USB_DEVICE/Target/usbd_conf.o

.debug_abbrev   0x0000000000000000     0x2fde
 .debug_abbrev  0x0000000000000000       0xa1 Core/Src/ST7735/fonts.o
 .debug_abbrev  0x00000000000000a1      0x2d2 Core/Src/ST7735/st7735.o
 .debug_abbrev  0x0000000000000373      0x2b7 Core/Src/main.o
 .debug_abbrev  0x000000000000062a      0x18c Core/Src/stm32f1xx_hal_msp.o
 .debug_abbrev  0x00000000000007b6      0x155 Core/Src/stm32f1xx_it.o
 .debug_abbrev  0x000000000000090b      0x134 Core/Src/system_stm32f1xx.o
 .debug_abbrev  0x0000000000000a3f       0x12 Core/Startup/startup_stm32f103c8tx.o
 .debug_abbrev  0x0000000000000a51      0x1c7 Drivers/STM32F1xx_HAL_Driver/Src/stm32f1xx_hal.o
 .debug_abbrev  0x0000000000000c18      0x2d5 Drivers/STM32F1xx_HAL_Driver/Src/stm32f1xx_hal_cortex.o
 .debug_abbrev  0x0000000000000eed      0x1c0 Drivers/STM32F1xx_HAL_Driver/Src/stm32f1xx_hal_gpio.o
 .debug_abbrev  0x00000000000010ad      0x268 Drivers/STM32F1xx_HAL_Driver/Src/stm32f1xx_hal_pcd.o
 .debug_abbrev  0x0000000000001315      0x188 Drivers/STM32F1xx_HAL_Driver/Src/stm32f1xx_hal_pcd_ex.o
 .debug_abbrev  0x000000000000149d      0x243 Drivers/STM32F1xx_HAL_Driver/Src/stm32f1xx_hal_rcc.o
 .debug_abbrev  0x00000000000016e0      0x175 Drivers/STM32F1xx_HAL_Driver/Src/stm32f1xx_hal_rcc_ex.o
 .debug_abbrev  0x0000000000001855      0x240 Drivers/STM32F1xx_HAL_Driver/Src/stm32f1xx_hal_spi.o
 .debug_abbrev  0x0000000000001a95      0x1d2 Drivers/STM32F1xx_HAL_Driver/Src/stm32f1xx_ll_usb.o
 .debug_abbrev  0x0000000000001c67      0x2b6 Middlewares/ST/STM32_USB_Device_Library/Class/CDC/Src/usbd_cdc.o
 .debug_abbrev  0x0000000000001f1d      0x270 Middlewares/ST/STM32_USB_Device_Library/Core/Src/usbd_core.o
 .debug_abbrev  0x000000000000218d      0x2a0 Middlewares/ST/STM32_USB_Device_Library/Core/Src/usbd_ctlreq.o
 .debug_abbrev  0x000000000000242d      0x1e0 Middlewares/ST/STM32_USB_Device_Library/Core/Src/usbd_ioreq.o
 .debug_abbrev  0x000000000000260d      0x1be USB_DEVICE/App/usb_device.o
 .debug_abbrev  0x00000000000027cb      0x2a8 USB_DEVICE/App/usbd_cdc_if.o
 .debug_abbrev  0x0000000000002a73      0x290 USB_DEVICE/App/usbd_desc.o
 .debug_abbrev  0x0000000000002d03      0x2db USB_DEVICE/Target/usbd_conf.o

.debug_aranges  0x0000000000000000      0xd28
 .debug_aranges
                0x0000000000000000       0x18 Core/Src/ST7735/fonts.o
 .debug_aranges
                0x0000000000000018       0xc0 Core/Src/ST7735/st7735.o
 .debug_aranges
                0x00000000000000d8       0x48 Core/Src/main.o
 .debug_aranges
                0x0000000000000120       0x30 Core/Src/stm32f1xx_hal_msp.o
 .debug_aranges
                0x0000000000000150       0x68 Core/Src/stm32f1xx_it.o
 .debug_aranges
                0x00000000000001b8       0x28 Core/Src/system_stm32f1xx.o
 .debug_aranges
                0x00000000000001e0       0x28 Core/Startup/startup_stm32f103c8tx.o
 .debug_aranges
                0x0000000000000208       0xe0 Drivers/STM32F1xx_HAL_Driver/Src/stm32f1xx_hal.o
 .debug_aranges
                0x00000000000002e8      0x100 Drivers/STM32F1xx_HAL_Driver/Src/stm32f1xx_hal_cortex.o
 .debug_aranges
                0x00000000000003e8       0x58 Drivers/STM32F1xx_HAL_Driver/Src/stm32f1xx_hal_gpio.o
 .debug_aranges
                0x0000000000000440      0x138 Drivers/STM32F1xx_HAL_Driver/Src/stm32f1xx_hal_pcd.o
 .debug_aranges
                0x0000000000000578       0x38 Drivers/STM32F1xx_HAL_Driver/Src/stm32f1xx_hal_pcd_ex.o
 .debug_aranges
                0x00000000000005b0       0x90 Drivers/STM32F1xx_HAL_Driver/Src/stm32f1xx_hal_rcc.o
 .debug_aranges
                0x0000000000000640       0x30 Drivers/STM32F1xx_HAL_Driver/Src/stm32f1xx_hal_rcc_ex.o
 .debug_aranges
                0x0000000000000670      0x1d0 Drivers/STM32F1xx_HAL_Driver/Src/stm32f1xx_hal_spi.o
 .debug_aranges
                0x0000000000000840       0xf0 Drivers/STM32F1xx_HAL_Driver/Src/stm32f1xx_ll_usb.o
 .debug_aranges
                0x0000000000000930       0x90 Middlewares/ST/STM32_USB_Device_Library/Class/CDC/Src/usbd_cdc.o
 .debug_aranges
                0x00000000000009c0       0xb8 Middlewares/ST/STM32_USB_Device_Library/Core/Src/usbd_core.o
 .debug_aranges
                0x0000000000000a78       0x88 Middlewares/ST/STM32_USB_Device_Library/Core/Src/usbd_ctlreq.o
 .debug_aranges
                0x0000000000000b00       0x50 Middlewares/ST/STM32_USB_Device_Library/Core/Src/usbd_ioreq.o
 .debug_aranges
                0x0000000000000b50       0x20 USB_DEVICE/App/usb_device.o
 .debug_aranges
                0x0000000000000b70       0x40 USB_DEVICE/App/usbd_cdc_if.o
 .debug_aranges
                0x0000000000000bb0       0x60 USB_DEVICE/App/usbd_desc.o
 .debug_aranges
                0x0000000000000c10      0x118 USB_DEVICE/Target/usbd_conf.o

.debug_macro    0x0000000000000000    0x1a077
 .debug_macro   0x0000000000000000       0x6d Core/Src/ST7735/fonts.o
 .debug_macro   0x000000000000006d      0xa5a Core/Src/ST7735/fonts.o
 .debug_macro   0x0000000000000ac7       0x22 Core/Src/ST7735/fonts.o
 .debug_macro   0x0000000000000ae9       0x8e Core/Src/ST7735/fonts.o
 .debug_macro   0x0000000000000b77       0x51 Core/Src/ST7735/fonts.o
 .debug_macro   0x0000000000000bc8       0xef Core/Src/ST7735/fonts.o
 .debug_macro   0x0000000000000cb7       0x6a Core/Src/ST7735/fonts.o
 .debug_macro   0x0000000000000d21      0x1df Core/Src/ST7735/fonts.o
 .debug_macro   0x0000000000000f00      0x2d2 Core/Src/ST7735/st7735.o
 .debug_macro   0x00000000000011d2      0x21b Core/Src/ST7735/st7735.o
 .debug_macro   0x00000000000013ed       0x2e Core/Src/ST7735/st7735.o
 .debug_macro   0x000000000000141b       0x22 Core/Src/ST7735/st7735.o
 .debug_macro   0x000000000000143d       0x1c Core/Src/ST7735/st7735.o
 .debug_macro   0x0000000000001459       0x22 Core/Src/ST7735/st7735.o
 .debug_macro   0x000000000000147b       0xc3 Core/Src/ST7735/st7735.o
 .debug_macro   0x000000000000153e      0xd23 Core/Src/ST7735/st7735.o
 .debug_macro   0x0000000000002261     0xe09e Core/Src/ST7735/st7735.o
 .debug_macro   0x00000000000102ff       0x6d Core/Src/ST7735/st7735.o
 .debug_macro   0x000000000001036c     0x3468 Core/Src/ST7735/st7735.o
 .debug_macro   0x00000000000137d4      0x174 Core/Src/ST7735/st7735.o
 .debug_macro   0x0000000000013948       0x5c Core/Src/ST7735/st7735.o
 .debug_macro   0x00000000000139a4      0x5be Core/Src/ST7735/st7735.o
 .debug_macro   0x0000000000013f62      0x289 Core/Src/ST7735/st7735.o
 .debug_macro   0x00000000000141eb      0x1cb Core/Src/ST7735/st7735.o
 .debug_macro   0x00000000000143b6      0x114 Core/Src/ST7735/st7735.o
 .debug_macro   0x00000000000144ca      0x1b2 Core/Src/ST7735/st7735.o
 .debug_macro   0x000000000001467c       0x27 Core/Src/ST7735/st7735.o
 .debug_macro   0x00000000000146a3      0x136 Core/Src/ST7735/st7735.o
 .debug_macro   0x00000000000147d9      0x1bc Core/Src/ST7735/st7735.o
 .debug_macro   0x0000000000014995       0x34 Core/Src/ST7735/st7735.o
 .debug_macro   0x00000000000149c9       0x3c Core/Src/ST7735/st7735.o
 .debug_macro   0x0000000000014a05       0x57 Core/Src/ST7735/st7735.o
 .debug_macro   0x0000000000014a5c       0x88 Core/Src/ST7735/st7735.o
 .debug_macro   0x0000000000014ae4      0x241 Core/Src/ST7735/st7735.o
 .debug_macro   0x0000000000014d25      0x141 Core/Src/ST7735/st7735.o
 .debug_macro   0x0000000000014e66      0x217 Core/Src/ST7735/st7735.o
 .debug_macro   0x000000000001507d       0x65 Core/Src/ST7735/st7735.o
 .debug_macro   0x00000000000150e2      0x249 Core/Src/ST7735/st7735.o
 .debug_macro   0x000000000001532b       0x83 Core/Src/ST7735/st7735.o
 .debug_macro   0x00000000000153ae       0x28 Core/Src/ST7735/st7735.o
 .debug_macro   0x00000000000153d6       0x22 Core/Src/ST7735/st7735.o
 .debug_macro   0x00000000000153f8      0x1b5 Core/Src/ST7735/st7735.o
 .debug_macro   0x00000000000155ad       0x46 Core/Src/ST7735/st7735.o
 .debug_macro   0x00000000000155f3       0x18 Core/Src/ST7735/st7735.o
 .debug_macro   0x000000000001560b       0x3c Core/Src/ST7735/st7735.o
 .debug_macro   0x0000000000015647       0x34 Core/Src/ST7735/st7735.o
 .debug_macro   0x000000000001567b       0x52 Core/Src/ST7735/st7735.o
 .debug_macro   0x00000000000156cd       0x1f Core/Src/ST7735/st7735.o
 .debug_macro   0x00000000000156ec       0x43 Core/Src/ST7735/st7735.o
 .debug_macro   0x000000000001572f       0x20 Core/Src/ST7735/st7735.o
 .debug_macro   0x000000000001574f      0x1a3 Core/Src/ST7735/st7735.o
 .debug_macro   0x00000000000158f2       0x35 Core/Src/ST7735/st7735.o
 .debug_macro   0x0000000000015927       0x3c Core/Src/ST7735/st7735.o
 .debug_macro   0x0000000000015963      0x32a Core/Src/ST7735/st7735.o
 .debug_macro   0x0000000000015c8d       0x10 Core/Src/ST7735/st7735.o
 .debug_macro   0x0000000000015c9d       0x20 Core/Src/ST7735/st7735.o
 .debug_macro   0x0000000000015cbd      0x415 Core/Src/main.o
 .debug_macro   0x00000000000160d2       0x16 Core/Src/main.o
 .debug_macro   0x00000000000160e8       0x10 Core/Src/main.o
 .debug_macro   0x00000000000160f8       0x10 Core/Src/main.o
 .debug_macro   0x0000000000016108       0x1c Core/Src/main.o
 .debug_macro   0x0000000000016124       0x52 Core/Src/main.o
 .debug_macro   0x0000000000016176       0x40 Core/Src/main.o
 .debug_macro   0x00000000000161b6       0x10 Core/Src/main.o
 .debug_macro   0x00000000000161c6       0x40 Core/Src/main.o
 .debug_macro   0x0000000000016206       0xd7 Core/Src/main.o
 .debug_macro   0x00000000000162dd       0x1c Core/Src/main.o
 .debug_macro   0x00000000000162f9       0x3d Core/Src/main.o
 .debug_macro   0x0000000000016336       0x16 Core/Src/main.o
 .debug_macro   0x000000000001634c      0x145 Core/Src/main.o
 .debug_macro   0x0000000000016491       0x16 Core/Src/main.o
 .debug_macro   0x00000000000164a7       0x16 Core/Src/main.o
 .debug_macro   0x00000000000164bd       0x29 Core/Src/main.o
 .debug_macro   0x00000000000164e6       0x16 Core/Src/main.o
 .debug_macro   0x00000000000164fc       0x60 Core/Src/main.o
 .debug_macro   0x000000000001655c      0x1c8 Core/Src/main.o
 .debug_macro   0x0000000000016724       0x8f Core/Src/main.o
 .debug_macro   0x00000000000167b3       0x10 Core/Src/main.o
 .debug_macro   0x00000000000167c3      0x1c1 Core/Src/stm32f1xx_hal_msp.o
 .debug_macro   0x0000000000016984      0x1cb Core/Src/stm32f1xx_it.o
 .debug_macro   0x0000000000016b4f      0x1b2 Core/Src/system_stm32f1xx.o
 .debug_macro   0x0000000000016d01      0x1d6 Drivers/STM32F1xx_HAL_Driver/Src/stm32f1xx_hal.o
 .debug_macro   0x0000000000016ed7      0x1b2 Drivers/STM32F1xx_HAL_Driver/Src/stm32f1xx_hal_cortex.o
 .debug_macro   0x0000000000017089      0x21d Drivers/STM32F1xx_HAL_Driver/Src/stm32f1xx_hal_gpio.o
 .debug_macro   0x00000000000172a6      0x1be Drivers/STM32F1xx_HAL_Driver/Src/stm32f1xx_hal_pcd.o
 .debug_macro   0x0000000000017464      0x1b2 Drivers/STM32F1xx_HAL_Driver/Src/stm32f1xx_hal_pcd_ex.o
 .debug_macro   0x0000000000017616      0x1c4 Drivers/STM32F1xx_HAL_Driver/Src/stm32f1xx_hal_rcc.o
 .debug_macro   0x00000000000177da      0x1b2 Drivers/STM32F1xx_HAL_Driver/Src/stm32f1xx_hal_rcc_ex.o
 .debug_macro   0x000000000001798c      0x1ba Drivers/STM32F1xx_HAL_Driver/Src/stm32f1xx_hal_spi.o
 .debug_macro   0x0000000000017b46      0x1b2 Drivers/STM32F1xx_HAL_Driver/Src/stm32f1xx_ll_usb.o
 .debug_macro   0x0000000000017cf8      0x3ce Middlewares/ST/STM32_USB_Device_Library/Class/CDC/Src/usbd_cdc.o
 .debug_macro   0x00000000000180c6       0x97 Middlewares/ST/STM32_USB_Device_Library/Class/CDC/Src/usbd_cdc.o
 .debug_macro   0x000000000001815d       0xfd Middlewares/ST/STM32_USB_Device_Library/Class/CDC/Src/usbd_cdc.o
 .debug_macro   0x000000000001825a       0xbd Middlewares/ST/STM32_USB_Device_Library/Class/CDC/Src/usbd_cdc.o
 .debug_macro   0x0000000000018317       0x56 Middlewares/ST/STM32_USB_Device_Library/Class/CDC/Src/usbd_cdc.o
 .debug_macro   0x000000000001836d      0x3b5 Middlewares/ST/STM32_USB_Device_Library/Core/Src/usbd_core.o
 .debug_macro   0x0000000000018722      0x1ce Middlewares/ST/STM32_USB_Device_Library/Core/Src/usbd_core.o
 .debug_macro   0x00000000000188f0      0x3bf Middlewares/ST/STM32_USB_Device_Library/Core/Src/usbd_ctlreq.o
 .debug_macro   0x0000000000018caf      0x3bb Middlewares/ST/STM32_USB_Device_Library/Core/Src/usbd_ioreq.o
 .debug_macro   0x000000000001906a      0x3ee USB_DEVICE/App/usb_device.o
 .debug_macro   0x0000000000019458       0x2e USB_DEVICE/App/usb_device.o
 .debug_macro   0x0000000000019486       0x22 USB_DEVICE/App/usb_device.o
 .debug_macro   0x00000000000194a8       0x16 USB_DEVICE/App/usb_device.o
 .debug_macro   0x00000000000194be      0x3d9 USB_DEVICE/App/usbd_cdc_if.o
 .debug_macro   0x0000000000019897      0x3f2 USB_DEVICE/App/usbd_desc.o
 .debug_macro   0x0000000000019c89       0x1c USB_DEVICE/App/usbd_desc.o
 .debug_macro   0x0000000000019ca5      0x3d2 USB_DEVICE/Target/usbd_conf.o

.debug_line     0x0000000000000000     0xe230
 .debug_line    0x0000000000000000      0x385 Core/Src/ST7735/fonts.o
 .debug_line    0x0000000000000385      0xb94 Core/Src/ST7735/st7735.o
 .debug_line    0x0000000000000f19      0xace Core/Src/main.o
 .debug_line    0x00000000000019e7      0x6ba Core/Src/stm32f1xx_hal_msp.o
 .debug_line    0x00000000000020a1      0x746 Core/Src/stm32f1xx_it.o
 .debug_line    0x00000000000027e7      0x6b4 Core/Src/system_stm32f1xx.o
 .debug_line    0x0000000000002e9b       0x87 Core/Startup/startup_stm32f103c8tx.o
 .debug_line    0x0000000000002f22      0x867 Drivers/STM32F1xx_HAL_Driver/Src/stm32f1xx_hal.o
 .debug_line    0x0000000000003789      0x93e Drivers/STM32F1xx_HAL_Driver/Src/stm32f1xx_hal_cortex.o
 .debug_line    0x00000000000040c7      0x863 Drivers/STM32F1xx_HAL_Driver/Src/stm32f1xx_hal_gpio.o
 .debug_line    0x000000000000492a      0xd2c Drivers/STM32F1xx_HAL_Driver/Src/stm32f1xx_hal_pcd.o
 .debug_line    0x0000000000005656      0x6d8 Drivers/STM32F1xx_HAL_Driver/Src/stm32f1xx_hal_pcd_ex.o
 .debug_line    0x0000000000005d2e      0x927 Drivers/STM32F1xx_HAL_Driver/Src/stm32f1xx_hal_rcc.o
 .debug_line    0x0000000000006655      0x745 Drivers/STM32F1xx_HAL_Driver/Src/stm32f1xx_hal_rcc_ex.o
 .debug_line    0x0000000000006d9a     0x1056 Drivers/STM32F1xx_HAL_Driver/Src/stm32f1xx_hal_spi.o
 .debug_line    0x0000000000007df0      0xd7d Drivers/STM32F1xx_HAL_Driver/Src/stm32f1xx_ll_usb.o
 .debug_line    0x0000000000008b6d      0xb43 Middlewares/ST/STM32_USB_Device_Library/Class/CDC/Src/usbd_cdc.o
 .debug_line    0x00000000000096b0      0xb7e Middlewares/ST/STM32_USB_Device_Library/Core/Src/usbd_core.o
 .debug_line    0x000000000000a22e      0xc07 Middlewares/ST/STM32_USB_Device_Library/Core/Src/usbd_ctlreq.o
 .debug_line    0x000000000000ae35      0x9e7 Middlewares/ST/STM32_USB_Device_Library/Core/Src/usbd_ioreq.o
 .debug_line    0x000000000000b81c      0x9c9 USB_DEVICE/App/usb_device.o
 .debug_line    0x000000000000c1e5      0xa2b USB_DEVICE/App/usbd_cdc_if.o
 .debug_line    0x000000000000cc10      0xa1b USB_DEVICE/App/usbd_desc.o
 .debug_line    0x000000000000d62b      0xc05 USB_DEVICE/Target/usbd_conf.o

.debug_str      0x0000000000000000    0x87232
 .debug_str     0x0000000000000000     0x3aea Core/Src/ST7735/fonts.o
                                       0x3c60 (size before relaxing)
 .debug_str     0x0000000000003aea    0x7e609 Core/Src/ST7735/st7735.o
                                      0x82501 (size before relaxing)
 .debug_str     0x00000000000820f3     0x25a5 Core/Src/main.o
                                      0x8487f (size before relaxing)
 .debug_str     0x0000000000084698       0x81 Core/Src/stm32f1xx_hal_msp.o
                                      0x7edbf (size before relaxing)
 .debug_str     0x0000000000084719      0x39e Core/Src/stm32f1xx_it.o
                                      0x7ed37 (size before relaxing)
 .debug_str     0x0000000000084ab7       0x52 Core/Src/system_stm32f1xx.o
                                      0x7e8e6 (size before relaxing)
 .debug_str     0x0000000000084b09       0x36 Core/Startup/startup_stm32f103c8tx.o
                                         0x72 (size before relaxing)
 .debug_str     0x0000000000084b3f      0x554 Drivers/STM32F1xx_HAL_Driver/Src/stm32f1xx_hal.o
                                      0x7ef77 (size before relaxing)
 .debug_str     0x0000000000085093      0x2d8 Drivers/STM32F1xx_HAL_Driver/Src/stm32f1xx_hal_cortex.o
                                      0x7ef7f (size before relaxing)
 .debug_str     0x000000000008536b      0x324 Drivers/STM32F1xx_HAL_Driver/Src/stm32f1xx_hal_gpio.o
                                      0x7ecaa (size before relaxing)
 .debug_str     0x000000000008568f      0x3e5 Drivers/STM32F1xx_HAL_Driver/Src/stm32f1xx_hal_pcd.o
                                      0x7f039 (size before relaxing)
 .debug_str     0x0000000000085a74      0x18d Drivers/STM32F1xx_HAL_Driver/Src/stm32f1xx_hal_pcd_ex.o
                                      0x7ed86 (size before relaxing)
 .debug_str     0x0000000000085c01      0x24f Drivers/STM32F1xx_HAL_Driver/Src/stm32f1xx_hal_rcc.o
                                      0x7ece3 (size before relaxing)
 .debug_str     0x0000000000085e50       0xb9 Drivers/STM32F1xx_HAL_Driver/Src/stm32f1xx_hal_rcc_ex.o
                                      0x7ea70 (size before relaxing)
 .debug_str     0x0000000000085f09      0x543 Drivers/STM32F1xx_HAL_Driver/Src/stm32f1xx_hal_spi.o
                                      0x7f1f2 (size before relaxing)
 .debug_str     0x000000000008644c      0x2ad Drivers/STM32F1xx_HAL_Driver/Src/stm32f1xx_ll_usb.o
                                      0x7edb9 (size before relaxing)
 .debug_str     0x00000000000866f9      0x293 Middlewares/ST/STM32_USB_Device_Library/Class/CDC/Src/usbd_cdc.o
                                      0x8418d (size before relaxing)
 .debug_str     0x000000000008698c      0x1b5 Middlewares/ST/STM32_USB_Device_Library/Core/Src/usbd_core.o
                                      0x83a88 (size before relaxing)
 .debug_str     0x0000000000086b41      0x134 Middlewares/ST/STM32_USB_Device_Library/Core/Src/usbd_ctlreq.o
                                      0x83a0e (size before relaxing)
 .debug_str     0x0000000000086c75       0xc9 Middlewares/ST/STM32_USB_Device_Library/Core/Src/usbd_ioreq.o
                                      0x83996 (size before relaxing)
 .debug_str     0x0000000000086d3e       0xc2 USB_DEVICE/App/usb_device.o
                                      0x83cfd (size before relaxing)
 .debug_str     0x0000000000086e00       0x86 USB_DEVICE/App/usbd_cdc_if.o
                                      0x83d4b (size before relaxing)
 .debug_str     0x0000000000086e86      0x258 USB_DEVICE/App/usbd_desc.o
                                      0x83901 (size before relaxing)
 .debug_str     0x00000000000870de      0x154 USB_DEVICE/Target/usbd_conf.o
                                      0x845b3 (size before relaxing)

.comment        0x0000000000000000       0x7b
 .comment       0x0000000000000000       0x7b Core/Src/ST7735/fonts.o
                                         0x7c (size before relaxing)
 .comment       0x000000000000007b       0x7c Core/Src/ST7735/st7735.o
 .comment       0x000000000000007b       0x7c Core/Src/main.o
 .comment       0x000000000000007b       0x7c Core/Src/stm32f1xx_hal_msp.o
 .comment       0x000000000000007b       0x7c Core/Src/stm32f1xx_it.o
 .comment       0x000000000000007b       0x7c Core/Src/system_stm32f1xx.o
 .comment       0x000000000000007b       0x7c Drivers/STM32F1xx_HAL_Driver/Src/stm32f1xx_hal.o
 .comment       0x000000000000007b       0x7c Drivers/STM32F1xx_HAL_Driver/Src/stm32f1xx_hal_cortex.o
 .comment       0x000000000000007b       0x7c Drivers/STM32F1xx_HAL_Driver/Src/stm32f1xx_hal_gpio.o
 .comment       0x000000000000007b       0x7c Drivers/STM32F1xx_HAL_Driver/Src/stm32f1xx_hal_pcd.o
 .comment       0x000000000000007b       0x7c Drivers/STM32F1xx_HAL_Driver/Src/stm32f1xx_hal_pcd_ex.o
 .comment       0x000000000000007b       0x7c Drivers/STM32F1xx_HAL_Driver/Src/stm32f1xx_hal_rcc.o
 .comment       0x000000000000007b       0x7c Drivers/STM32F1xx_HAL_Driver/Src/stm32f1xx_hal_rcc_ex.o
 .comment       0x000000000000007b       0x7c Drivers/STM32F1xx_HAL_Driver/Src/stm32f1xx_hal_spi.o
 .comment       0x000000000000007b       0x7c Drivers/STM32F1xx_HAL_Driver/Src/stm32f1xx_ll_usb.o
 .comment       0x000000000000007b       0x7c Middlewares/ST/STM32_USB_Device_Library/Class/CDC/Src/usbd_cdc.o
 .comment       0x000000000000007b       0x7c Middlewares/ST/STM32_USB_Device_Library/Core/Src/usbd_core.o
 .comment       0x000000000000007b       0x7c Middlewares/ST/STM32_USB_Device_Library/Core/Src/usbd_ctlreq.o
 .comment       0x000000000000007b       0x7c Middlewares/ST/STM32_USB_Device_Library/Core/Src/usbd_ioreq.o
 .comment       0x000000000000007b       0x7c USB_DEVICE/App/usb_device.o
 .comment       0x000000000000007b       0x7c USB_DEVICE/App/usbd_cdc_if.o
 .comment       0x000000000000007b       0x7c USB_DEVICE/App/usbd_desc.o
 .comment       0x000000000000007b       0x7c USB_DEVICE/Target/usbd_conf.o

.debug_ranges   0x0000000000000000      0xba8
 .debug_ranges  0x0000000000000000       0xb0 Core/Src/ST7735/st7735.o
 .debug_ranges  0x00000000000000b0       0x38 Core/Src/main.o
 .debug_ranges  0x00000000000000e8       0x20 Core/Src/stm32f1xx_hal_msp.o
 .debug_ranges  0x0000000000000108       0x58 Core/Src/stm32f1xx_it.o
 .debug_ranges  0x0000000000000160       0x18 Core/Src/system_stm32f1xx.o
 .debug_ranges  0x0000000000000178       0x20 Core/Startup/startup_stm32f103c8tx.o
 .debug_ranges  0x0000000000000198       0xd0 Drivers/STM32F1xx_HAL_Driver/Src/stm32f1xx_hal.o
 .debug_ranges  0x0000000000000268       0xf0 Drivers/STM32F1xx_HAL_Driver/Src/stm32f1xx_hal_cortex.o
 .debug_ranges  0x0000000000000358       0x48 Drivers/STM32F1xx_HAL_Driver/Src/stm32f1xx_hal_gpio.o
 .debug_ranges  0x00000000000003a0      0x128 Drivers/STM32F1xx_HAL_Driver/Src/stm32f1xx_hal_pcd.o
 .debug_ranges  0x00000000000004c8       0x28 Drivers/STM32F1xx_HAL_Driver/Src/stm32f1xx_hal_pcd_ex.o
 .debug_ranges  0x00000000000004f0       0x80 Drivers/STM32F1xx_HAL_Driver/Src/stm32f1xx_hal_rcc.o
 .debug_ranges  0x0000000000000570       0x20 Drivers/STM32F1xx_HAL_Driver/Src/stm32f1xx_hal_rcc_ex.o
 .debug_ranges  0x0000000000000590      0x1c0 Drivers/STM32F1xx_HAL_Driver/Src/stm32f1xx_hal_spi.o
 .debug_ranges  0x0000000000000750       0xe0 Drivers/STM32F1xx_HAL_Driver/Src/stm32f1xx_ll_usb.o
 .debug_ranges  0x0000000000000830       0x80 Middlewares/ST/STM32_USB_Device_Library/Class/CDC/Src/usbd_cdc.o
 .debug_ranges  0x00000000000008b0       0xa8 Middlewares/ST/STM32_USB_Device_Library/Core/Src/usbd_core.o
 .debug_ranges  0x0000000000000958       0x78 Middlewares/ST/STM32_USB_Device_Library/Core/Src/usbd_ctlreq.o
 .debug_ranges  0x00000000000009d0       0x40 Middlewares/ST/STM32_USB_Device_Library/Core/Src/usbd_ioreq.o
 .debug_ranges  0x0000000000000a10       0x10 USB_DEVICE/App/usb_device.o
 .debug_ranges  0x0000000000000a20       0x30 USB_DEVICE/App/usbd_cdc_if.o
 .debug_ranges  0x0000000000000a50       0x50 USB_DEVICE/App/usbd_desc.o
 .debug_ranges  0x0000000000000aa0      0x108 USB_DEVICE/Target/usbd_conf.o

.debug_frame    0x0000000000000000     0x3390
 .debug_frame   0x0000000000000000      0x318 Core/Src/ST7735/st7735.o
 .debug_frame   0x0000000000000318       0xd8 Core/Src/main.o
 .debug_frame   0x00000000000003f0       0x80 Core/Src/stm32f1xx_hal_msp.o
 .debug_frame   0x0000000000000470      0x120 Core/Src/stm32f1xx_it.o
 .debug_frame   0x0000000000000590       0x58 Core/Src/system_stm32f1xx.o
 .debug_frame   0x00000000000005e8      0x334 Drivers/STM32F1xx_HAL_Driver/Src/stm32f1xx_hal.o
 .debug_frame   0x000000000000091c      0x428 Drivers/STM32F1xx_HAL_Driver/Src/stm32f1xx_hal_cortex.o
 .debug_frame   0x0000000000000d44      0x14c Drivers/STM32F1xx_HAL_Driver/Src/stm32f1xx_hal_gpio.o
 .debug_frame   0x0000000000000e90      0x578 Drivers/STM32F1xx_HAL_Driver/Src/stm32f1xx_hal_pcd.o
 .debug_frame   0x0000000000001408       0xb0 Drivers/STM32F1xx_HAL_Driver/Src/stm32f1xx_hal_pcd_ex.o
 .debug_frame   0x00000000000014b8      0x21c Drivers/STM32F1xx_HAL_Driver/Src/stm32f1xx_hal_rcc.o
 .debug_frame   0x00000000000016d4       0x84 Drivers/STM32F1xx_HAL_Driver/Src/stm32f1xx_hal_rcc_ex.o
 .debug_frame   0x0000000000001758      0x824 Drivers/STM32F1xx_HAL_Driver/Src/stm32f1xx_hal_spi.o
 .debug_frame   0x0000000000001f7c      0x450 Drivers/STM32F1xx_HAL_Driver/Src/stm32f1xx_ll_usb.o
 .debug_frame   0x00000000000023cc      0x248 Middlewares/ST/STM32_USB_Device_Library/Class/CDC/Src/usbd_cdc.o
 .debug_frame   0x0000000000002614      0x300 Middlewares/ST/STM32_USB_Device_Library/Core/Src/usbd_core.o
 .debug_frame   0x0000000000002914      0x218 Middlewares/ST/STM32_USB_Device_Library/Core/Src/usbd_ctlreq.o
 .debug_frame   0x0000000000002b2c      0x10c Middlewares/ST/STM32_USB_Device_Library/Core/Src/usbd_ioreq.o
 .debug_frame   0x0000000000002c38       0x2c USB_DEVICE/App/usb_device.o
 .debug_frame   0x0000000000002c64       0xbc USB_DEVICE/App/usbd_cdc_if.o
 .debug_frame   0x0000000000002d20      0x160 USB_DEVICE/App/usbd_desc.o
 .debug_frame   0x0000000000002e80      0x4a4 USB_DEVICE/Target/usbd_conf.o
 .debug_frame   0x0000000000003324       0x2c c:/st/stm32cubeide_1.5.1/stm32cubeide/plugins/com.st.stm32cube.ide.mcu.externaltools.gnu-tools-for-stm32.7-2018-q2-update.win32_1.5.0.202011040924/tools/bin/../lib/gcc/arm-none-eabi/7.3.1/../../../../arm-none-eabi/lib/thumb/v7-m\libc_nano.a(lib_a-init.o)
 .debug_frame   0x0000000000003350       0x20 c:/st/stm32cubeide_1.5.1/stm32cubeide/plugins/com.st.stm32cube.ide.mcu.externaltools.gnu-tools-for-stm32.7-2018-q2-update.win32_1.5.0.202011040924/tools/bin/../lib/gcc/arm-none-eabi/7.3.1/../../../../arm-none-eabi/lib/thumb/v7-m\libc_nano.a(lib_a-memset.o)
 .debug_frame   0x0000000000003370       0x20 c:/st/stm32cubeide_1.5.1/stm32cubeide/plugins/com.st.stm32cube.ide.mcu.externaltools.gnu-tools-for-stm32.7-2018-q2-update.win32_1.5.0.202011040924/tools/bin/../lib/gcc/arm-none-eabi/7.3.1/../../../../arm-none-eabi/lib/thumb/v7-m\libc_nano.a(lib_a-strcmp.o)
